This is pdfTeX, Version 3.141592653-2.6-1.40.28 (MiKTeX 25.12) (preloaded format=pdflatex 2026.8.26)  26 AUG 2026 01:35
entering extended mode
 restricted \write18 enabled.
 %&-line parsing enabled.
**./main.tex
(main.tex
LaTeX2e <2025-11-01>
L3 programming layer <2025-12-24>

(C:\Users\KanushkaWitharamage\AppData\Local\Programs\MiKTeX\tex/latex/base\arti
cle.cls
Document Class: article 2025/01/22 v1.4n Standard LaTeX document class

(C:\Users\KanushkaWitharamage\AppData\Local\Programs\MiKTeX\tex/latex/base\size
12.clo
File: size12.clo 2025/01/22 v1.4n Standard LaTeX file (size option)
)
\c@part=\count275
\c@section=\count276
\c@subsection=\count277
\c@subsubsection=\count278
\c@paragraph=\count279
\c@subparagraph=\count280
\c@figure=\count281
\c@table=\count282
\abovecaptionskip=\skip49
\belowcaptionskip=\skip50
\bibindent=\dimen148
)
(C:\Users\KanushkaWitharamage\AppData\Local\Programs\MiKTeX\tex/latex/base\font
enc.sty
Package: fontenc 2025/07/18 v2.1d Standard LaTeX package
)
(C:\Users\KanushkaWitharamage\AppData\Local\Programs\MiKTeX\tex/latex/base\inpu
tenc.sty
Package: inputenc 2024/02/08 v1.3d Input encoding file
\inpenc@prehook=\toks17
\inpenc@posthook=\toks18
)
(C:\Users\KanushkaWitharamage\AppData\Local\Programs\MiKTeX\tex/latex/base\text
comp.sty
Package: textcomp 2024/04/24 v2.1b Standard LaTeX package
)
(C:\Users\KanushkaWitharamage\AppData\Local\Programs\MiKTeX\tex/latex/psnfss\ma
thptmx.sty
Package: mathptmx 2020/03/25 PSNFSS-v9.3 Times w/ Math, improved (SPQR, WaS) 
LaTeX Font Info:    Redeclaring symbol font `operators' on input line 28.
LaTeX Font Info:    Overwriting symbol font `operators' in version `normal'
(Font)                  OT1/cmr/m/n --> OT1/ztmcm/m/n on input line 28.
LaTeX Font Info:    Overwriting symbol font `operators' in version `bold'
(Font)                  OT1/cmr/bx/n --> OT1/ztmcm/m/n on input line 28.
LaTeX Font Info:    Redeclaring symbol font `letters' on input line 29.
LaTeX Font Info:    Overwriting symbol font `letters' in version `normal'
(Font)                  OML/cmm/m/it --> OML/ztmcm/m/it on input line 29.
LaTeX Font Info:    Overwriting symbol font `letters' in version `bold'
(Font)                  OML/cmm/b/it --> OML/ztmcm/m/it on input line 29.
LaTeX Font Info:    Redeclaring symbol font `symbols' on input line 30.
LaTeX Font Info:    Overwriting symbol font `symbols' in version `normal'
(Font)                  OMS/cmsy/m/n --> OMS/ztmcm/m/n on input line 30.
LaTeX Font Info:    Overwriting symbol font `symbols' in version `bold'
(Font)                  OMS/cmsy/b/n --> OMS/ztmcm/m/n on input line 30.
LaTeX Font Info:    Redeclaring symbol font `largesymbols' on input line 31.
LaTeX Font Info:    Overwriting symbol font `largesymbols' in version `normal'
(Font)                  OMX/cmex/m/n --> OMX/ztmcm/m/n on input line 31.
LaTeX Font Info:    Overwriting symbol font `largesymbols' in version `bold'
(Font)                  OMX/cmex/m/n --> OMX/ztmcm/m/n on input line 31.
\symbold=\mathgroup4
\symitalic=\mathgroup5
LaTeX Font Info:    Redeclaring math alphabet \mathbf on input line 34.
LaTeX Font Info:    Overwriting math alphabet `\mathbf' in version `normal'
(Font)                  OT1/cmr/bx/n --> OT1/ptm/bx/n on input line 34.
LaTeX Font Info:    Overwriting math alphabet `\mathbf' in version `bold'
(Font)                  OT1/cmr/bx/n --> OT1/ptm/bx/n on input line 34.
LaTeX Font Info:    Redeclaring math alphabet \mathit on input line 35.
LaTeX Font Info:    Overwriting math alphabet `\mathit' in version `normal'
(Font)                  OT1/cmr/m/it --> OT1/ptm/m/it on input line 35.
LaTeX Font Info:    Overwriting math alphabet `\mathit' in version `bold'
(Font)                  OT1/cmr/bx/it --> OT1/ptm/m/it on input line 35.
LaTeX Info: Redefining \hbar on input line 50.
)
(C:\Users\KanushkaWitharamage\AppData\Local\Programs\MiKTeX\tex/latex/setspace\
setspace.sty
Package: setspace 2022/12/04 v6.7b set line spacing
)
(C:\Users\KanushkaWitharamage\AppData\Local\Programs\MiKTeX\tex/latex/geometry\
geometry.sty
Package: geometry 2026/03/07 v6.0 Page Geometry

(C:\Users\KanushkaWitharamage\AppData\Local\Programs\MiKTeX\tex/latex/graphics\
keyval.sty
Package: keyval 2022/05/29 v1.15 key=value parser (DPC)
\KV@toks@=\toks19
)
(C:\Users\KanushkaWitharamage\AppData\Local\Programs\MiKTeX\tex/generic/iftex\i
fvtex.sty
Package: ifvtex 2019/10/25 v1.7 ifvtex legacy package. Use iftex instead.

(C:\Users\KanushkaWitharamage\AppData\Local\Programs\MiKTeX\tex/generic/iftex\i
ftex.sty
Package: iftex 2024/12/12 v1.0g TeX engine tests
))
\Gm@cnth=\count283
\Gm@cntv=\count284
\c@Gm@tempcnt=\count285
\Gm@bindingoffset=\dimen149
\Gm@wd@mp=\dimen150
\Gm@odd@mp=\dimen151
\Gm@even@mp=\dimen152
\Gm@layoutwidth=\dimen153
\Gm@layoutheight=\dimen154
\Gm@layouthoffset=\dimen155
\Gm@layoutvoffset=\dimen156
\Gm@dimlist=\toks20

(C:\Users\KanushkaWitharamage\AppData\Local\Programs\MiKTeX\tex/latex/geometry\
geometry.cfg))
(C:\Users\KanushkaWitharamage\AppData\Local\Programs\MiKTeX\tex/latex/titlesec\
titlesec.sty
Package: titlesec 2025/01/04 v2.17 Sectioning titles
\ttl@box=\box53
\beforetitleunit=\skip51
\aftertitleunit=\skip52
\ttl@plus=\dimen157
\ttl@minus=\dimen158
\ttl@toksa=\toks21
\titlewidth=\dimen159
\titlewidthlast=\dimen160
\titlewidthfirst=\dimen161
)
(C:\Users\KanushkaWitharamage\AppData\Local\Programs\MiKTeX\tex/latex/graphics\
graphicx.sty
Package: graphicx 2024/12/31 v1.2e Enhanced LaTeX Graphics (DPC,SPQR)

(C:\Users\KanushkaWitharamage\AppData\Local\Programs\MiKTeX\tex/latex/graphics\
graphics.sty
Package: graphics 2024/08/06 v1.4g Standard LaTeX Graphics (DPC,SPQR)

(C:\Users\KanushkaWitharamage\AppData\Local\Programs\MiKTeX\tex/latex/graphics\
trig.sty
Package: trig 2023/12/02 v1.11 sin cos tan (DPC)
)
(C:\Users\KanushkaWitharamage\AppData\Local\Programs\MiKTeX\tex/latex/graphics-
cfg\graphics.cfg
File: graphics.cfg 2016/06/04 v1.11 sample graphics configuration
)
Package graphics Info: Driver file: pdftex.def on input line 106.

(C:\Users\KanushkaWitharamage\AppData\Local\Programs\MiKTeX\tex/latex/graphics-
def\pdftex.def
File: pdftex.def 2025/09/29 v1.2d Graphics/color driver for pdftex
))
\Gin@req@height=\dimen162
\Gin@req@width=\dimen163
)
(C:\Users\KanushkaWitharamage\AppData\Local\Programs\MiKTeX\tex/latex/multirow\
multirow.sty
Package: multirow 2024/11/12 v2.9 Span multiple rows of a table
\multirow@colwidth=\skip53
\multirow@cntb=\count286
\multirow@dima=\skip54
\bigstrutjot=\dimen164
)
(C:\Users\KanushkaWitharamage\AppData\Local\Programs\MiKTeX\tex/latex/tools\tab
ularx.sty
Package: tabularx 2023/12/11 v2.12a `tabularx' package (DPC)

(C:\Users\KanushkaWitharamage\AppData\Local\Programs\MiKTeX\tex/latex/tools\arr
ay.sty
Package: array 2025/09/25 v2.6n Tabular extension package (FMi)
\col@sep=\dimen165
\ar@mcellbox=\box54
\extrarowheight=\dimen166
\NC@list=\toks22
\extratabsurround=\skip55
\backup@length=\skip56
\ar@cellbox=\box55
)
\TX@col@width=\dimen167
\TX@old@table=\dimen168
\TX@old@col=\dimen169
\TX@target=\dimen170
\TX@delta=\dimen171
\TX@cols=\count287
\TX@ftn=\toks23
)
(C:\Users\KanushkaWitharamage\AppData\Local\Programs\MiKTeX\tex/latex/tools\lon
gtable.sty
Package: longtable 2025-10-13 v4.24 Multi-page Table package (DPC)
\LTleft=\skip57
\LTright=\skip58
\LTpre=\skip59
\LTpost=\skip60
\LTchunksize=\count288
\LTcapwidth=\dimen172
\LT@head=\box56
\LT@firsthead=\box57
\LT@foot=\box58
\LT@lastfoot=\box59
\LT@gbox=\box60
\LT@cols=\count289
\LT@rows=\count290
\c@LT@tables=\count291
\c@LT@chunks=\count292
\LT@p@ftn=\toks24
)
(C:\Users\KanushkaWitharamage\AppData\Local\Programs\MiKTeX\tex/latex/booktabs\
booktabs.sty
Package: booktabs 2020/01/12 v1.61803398 Publication quality tables
\heavyrulewidth=\dimen173
\lightrulewidth=\dimen174
\cmidrulewidth=\dimen175
\belowrulesep=\dimen176
\belowbottomsep=\dimen177
\aboverulesep=\dimen178
\abovetopsep=\dimen179
\cmidrulesep=\dimen180
\cmidrulekern=\dimen181
\defaultaddspace=\dimen182
\@cmidla=\count293
\@cmidlb=\count294
\@aboverulesep=\dimen183
\@belowrulesep=\dimen184
\@thisruleclass=\count295
\@lastruleclass=\count296
\@thisrulewidth=\dimen185
)
(C:\Users\KanushkaWitharamage\AppData\Local\Programs\MiKTeX\tex/latex/ragged2e\
ragged2e.sty
Package: ragged2e 2023/06/22 v3.6 ragged2e Package
\CenteringLeftskip=\skip61
\RaggedLeftLeftskip=\skip62
\RaggedRightLeftskip=\skip63
\CenteringRightskip=\skip64
\RaggedLeftRightskip=\skip65
\RaggedRightRightskip=\skip66
\CenteringParfillskip=\skip67
\RaggedLeftParfillskip=\skip68
\RaggedRightParfillskip=\skip69
\JustifyingParfillskip=\skip70
\CenteringParindent=\skip71
\RaggedLeftParindent=\skip72
\RaggedRightParindent=\skip73
\JustifyingParindent=\skip74
)
(C:\Users\KanushkaWitharamage\AppData\Local\Programs\MiKTeX\tex/latex/float\flo
at.sty
Package: float 2001/11/08 v1.3d Float enhancements (AL)
\c@float@type=\count297
\float@exts=\toks25
\float@box=\box61
\@float@everytoks=\toks26
\@floatcapt=\box62
)
(C:\Users\KanushkaWitharamage\AppData\Local\Programs\MiKTeX\tex/latex/amsmath\a
msmath.sty
Package: amsmath 2025/07/09 v2.17z AMS math features
\@mathmargin=\skip75

For additional information on amsmath, use the `?' option.

(C:\Users\KanushkaWitharamage\AppData\Local\Programs\MiKTeX\tex/latex/amsmath\a
mstext.sty
Package: amstext 2024/11/17 v2.01 AMS text

(C:\Users\KanushkaWitharamage\AppData\Local\Programs\MiKTeX\tex/latex/amsmath\a
msgen.sty
File: amsgen.sty 1999/11/30 v2.0 generic functions
\@emptytoks=\toks27
\ex@=\dimen186
))
(C:\Users\KanushkaWitharamage\AppData\Local\Programs\MiKTeX\tex/latex/amsmath\a
msbsy.sty
Package: amsbsy 1999/11/29 v1.2d Bold Symbols
\pmbraise@=\dimen187
)
(C:\Users\KanushkaWitharamage\AppData\Local\Programs\MiKTeX\tex/latex/amsmath\a
msopn.sty
Package: amsopn 2022/04/08 v2.04 operator names
)
\inf@bad=\count298
LaTeX Info: Redefining \frac on input line 233.
\uproot@=\count299
\leftroot@=\count300
LaTeX Info: Redefining \overline on input line 398.
LaTeX Info: Redefining \colon on input line 409.
\classnum@=\count301
\DOTSCASE@=\count302
LaTeX Info: Redefining \ldots on input line 495.
LaTeX Info: Redefining \dots on input line 498.
LaTeX Info: Redefining \cdots on input line 619.
\Mathstrutbox@=\box63
\strutbox@=\box64
LaTeX Info: Redefining \big on input line 721.
LaTeX Info: Redefining \Big on input line 722.
LaTeX Info: Redefining \bigg on input line 723.
LaTeX Info: Redefining \Bigg on input line 724.
\big@size=\dimen188
LaTeX Font Info:    Redeclaring font encoding OML on input line 742.
LaTeX Font Info:    Redeclaring font encoding OMS on input line 743.
\macc@depth=\count303
LaTeX Info: Redefining \bmod on input line 904.
LaTeX Info: Redefining \pmod on input line 909.
LaTeX Info: Redefining \smash on input line 939.
LaTeX Info: Redefining \relbar on input line 969.
LaTeX Info: Redefining \Relbar on input line 970.
\c@MaxMatrixCols=\count304
\dotsspace@=\muskip17
\c@parentequation=\count305
\dspbrk@lvl=\count306
\tag@help=\toks28
\row@=\count307
\column@=\count308
\maxfields@=\count309
\andhelp@=\toks29
\eqnshift@=\dimen189
\alignsep@=\dimen190
\tagshift@=\dimen191
\tagwidth@=\dimen192
\totwidth@=\dimen193
\lineht@=\dimen194
\@envbody=\toks30
\multlinegap=\skip76
\multlinetaggap=\skip77
\mathdisplay@stack=\toks31
LaTeX Info: Redefining \[ on input line 2950.
LaTeX Info: Redefining \] on input line 2951.
)
(C:\Users\KanushkaWitharamage\AppData\Local\Programs\MiKTeX\tex/latex/amsfonts\
amssymb.sty
Package: amssymb 2013/01/14 v3.01 AMS font symbols

(C:\Users\KanushkaWitharamage\AppData\Local\Programs\MiKTeX\tex/latex/amsfonts\
amsfonts.sty
Package: amsfonts 2013/01/14 v3.01 Basic AMSFonts support
\symAMSa=\mathgroup6
\symAMSb=\mathgroup7
LaTeX Font Info:    Overwriting math alphabet `\mathfrak' in version `bold'
(Font)                  U/euf/m/n --> U/euf/b/n on input line 106.
))
(C:\Users\KanushkaWitharamage\AppData\Local\Programs\MiKTeX\tex/latex/siunitx\s
iunitx.sty
Package: siunitx 2026-05-15 v3.5.5 A comprehensive (SI) units package
\l__siunitx_number_uncert_offset_int=\count310
\l__siunitx_number_exponent_fixed_int=\count311
\l__siunitx_number_min_decimal_int=\count312
\l__siunitx_number_min_integer_int=\count313
\l__siunitx_number_round_precision_int=\count314
\l__siunitx_number_lower_threshold_int=\count315
\l__siunitx_number_upper_threshold_int=\count316
\l__siunitx_number_group_first_int=\count317
\l__siunitx_number_group_size_int=\count318
\l__siunitx_number_group_min_int=\count319
\l__siunitx_number_group_minimum_int=\count320
\l__siunitx_compound_count_int=\count321

(C:\Users\KanushkaWitharamage\AppData\Local\Programs\MiKTeX\tex/latex/translati
ons\translations.sty
Package: translations 2022/02/05 v1.12 internationalization of LaTeX2e packages
 (CN)

(C:\Users\KanushkaWitharamage\AppData\Local\Programs\MiKTeX\tex/latex/etoolbox\
etoolbox.sty
Package: etoolbox 2025/10/02 v2.5m e-TeX tools for LaTeX (JAW)
\etb@tempcnta=\count322
)
(C:\Users\KanushkaWitharamage\AppData\Local\Programs\MiKTeX\tex/generic/pdftexc
mds\pdftexcmds.sty
Package: pdftexcmds 2020-06-27 v0.33 Utility functions of pdfTeX for LuaTeX (HO
)

(C:\Users\KanushkaWitharamage\AppData\Local\Programs\MiKTeX\tex/generic/infware
rr\infwarerr.sty
Package: infwarerr 2019/12/03 v1.5 Providing info/warning/error messages (HO)
)
(C:\Users\KanushkaWitharamage\AppData\Local\Programs\MiKTeX\tex/generic/ltxcmds
\ltxcmds.sty
Package: ltxcmds 2023-12-04 v1.26 LaTeX kernel commands for general use (HO)
)
Package pdftexcmds Info: \pdf@primitive is available.
Package pdftexcmds Info: \pdf@ifprimitive is available.
Package pdftexcmds Info: \pdfdraftmode found.
))
\l__siunitx_table_tmp_box=\box65
\l__siunitx_table_tmp_dim=\dimen195
\l__siunitx_table_column_width_dim=\dimen196
\l__siunitx_table_integer_box=\box66
\l__siunitx_table_decimal_box=\box67
\l__siunitx_table_uncert_box=\box68
\l__siunitx_table_before_box=\box69
\l__siunitx_table_after_box=\box70
\l__siunitx_table_before_dim=\dimen197
\l__siunitx_table_carry_dim=\dimen198
\l__siunitx_unit_tmp_int=\count323
\l__siunitx_unit_position_int=\count324
\l__siunitx_unit_total_int=\count325
\l__siunitx_sexagesimal_tmp_dim=\dimen199
\l__siunitx_sexagesimal_marker_box=\box71
\l__siunitx_sexagesimal_unit_box=\box72
)
(C:\Users\KanushkaWitharamage\AppData\Local\Programs\MiKTeX\tex/latex/datetime\
datetime.sty
Package: datetime 2015/03/20 v2.60 Date Time Package

(C:\Users\KanushkaWitharamage\AppData\Local\Programs\MiKTeX\tex/latex/fmtcount\
fmtcount.sty
Package: fmtcount 2025/12/02 v3.12 Displaying the values of LaTeX counters (NT,
VB,NE)

(C:\Users\KanushkaWitharamage\AppData\Local\Programs\MiKTeX\tex/latex/base\ifth
en.sty
Package: ifthen 2024/03/16 v1.1e Standard LaTeX ifthen package (DPC)
)
(C:\Users\KanushkaWitharamage\AppData\Local\Programs\MiKTeX\tex/latex/xkeyval\x
keyval.sty
Package: xkeyval 2022/06/16 v2.9 package option processing (HA)

(C:\Users\KanushkaWitharamage\AppData\Local\Programs\MiKTeX\tex/generic/xkeyval
\xkeyval.tex
(C:\Users\KanushkaWitharamage\AppData\Local\Programs\MiKTeX\tex/generic/xkeyval
\xkvutils.tex
\XKV@toks=\toks32
\XKV@tempa@toks=\toks33
)
\XKV@depth=\count326
File: xkeyval.tex 2014/12/03 v2.7a key=value parser (HA)
))
(C:\Users\KanushkaWitharamage\AppData\Local\Programs\MiKTeX\tex/latex/fmtcount\
fcprefix.sty
Package: fcprefix 2012/09/28

(C:\Users\KanushkaWitharamage\AppData\Local\Programs\MiKTeX\tex/latex/fmtcount\
fcnumparser.sty
Package: fcnumparser 2017/06/15
\fc@digit@counter=\count327
))
\c@padzeroesN=\count328
\fc@tmpcatcode=\count329
\@DT@modctr=\count330
\@ordinalctr=\count331
\@orgargctr=\count332
\@strctr=\count333
\@tmpstrctr=\count334
\@DT@loopN=\count335
\@DT@X=\count336
)
(C:\Users\KanushkaWitharamage\AppData\Local\Programs\MiKTeX\tex/latex/datetime\
datetime-defaults.sty
Package: datetime-defaults 2013/09/10
)
\@day=\count337
\@month=\count338
\@year=\count339
\c@HOUR=\count340
\c@HOURXII=\count341
\c@MINUTE=\count342
\c@TOHOUR=\count343
\c@TOMINUTE=\count344
\c@SECOND=\count345
\currenthour=\count346
\currentminute=\count347
\currentsecond=\count348
Package datetime Info: No datetime.cfg file found, using default settings on in
put line 308.
\@dtctr=\count349
\dayofyear=\count350
\dayofweek=\count351
LaTeX Info: Redefining \today on input line 736.
\dt@a=\toks34
\dt@b=\toks35
)
(C:\Users\KanushkaWitharamage\AppData\Local\Programs\MiKTeX\tex/latex/natbib\na
tbib.sty
Package: natbib 2010/09/13 8.31b (PWD, AO)
\bibhang=\skip78
\bibsep=\skip79
LaTeX Info: Redefining \cite on input line 694.
\c@NAT@ctr=\count352
)
(C:\Users\KanushkaWitharamage\AppData\Local\Programs\MiKTeX\tex/latex/caption\c
aption.sty
Package: caption 2023/08/05 v3.6o Customizing captions (AR)

(C:\Users\KanushkaWitharamage\AppData\Local\Programs\MiKTeX\tex/latex/caption\c
aption3.sty
Package: caption3 2023/07/31 v2.4d caption3 kernel (AR)
\caption@tempdima=\dimen256
\captionmargin=\dimen257
\caption@leftmargin=\dimen258
\caption@rightmargin=\dimen259
\caption@width=\dimen260
\caption@indent=\dimen261
\caption@parindent=\dimen262
\caption@hangindent=\dimen263
Package caption Info: Standard document class detected.
)
\c@caption@flags=\count353
\c@continuedfloat=\count354
Package caption Info: float package is loaded.
Package caption Info: longtable package is loaded.

(C:\Users\KanushkaWitharamage\AppData\Local\Programs\MiKTeX\tex/latex/caption\l
tcaption.sty
Package: ltcaption 2021/01/08 v1.4c longtable captions (AR)
))
(C:\Users\KanushkaWitharamage\AppData\Local\Programs\MiKTeX\tex/latex/caption\s
ubcaption.sty
Package: subcaption 2023/07/28 v1.6b Sub-captions (AR)
Package caption Info: New subtype `subfigure' on input line 238.
\c@subfigure=\count355
Package caption Info: New subtype `subtable' on input line 238.
\c@subtable=\count356
)
(C:\Users\KanushkaWitharamage\AppData\Local\Programs\MiKTeX\tex/latex/hyperref\
hyperref.sty
Package: hyperref 2025-07-12 v7.01o Hypertext links for LaTeX

(C:\Users\KanushkaWitharamage\AppData\Local\Programs\MiKTeX\tex/latex/kvsetkeys
\kvsetkeys.sty
Package: kvsetkeys 2022-10-05 v1.19 Key value parser (HO)
)
(C:\Users\KanushkaWitharamage\AppData\Local\Programs\MiKTeX\tex/generic/kvdefin
ekeys\kvdefinekeys.sty
Package: kvdefinekeys 2019-12-19 v1.6 Define keys (HO)
)
(C:\Users\KanushkaWitharamage\AppData\Local\Programs\MiKTeX\tex/generic/pdfesca
pe\pdfescape.sty
Package: pdfescape 2019/12/09 v1.15 Implements pdfTeX's escape features (HO)
)
(C:\Users\KanushkaWitharamage\AppData\Local\Programs\MiKTeX\tex/latex/hycolor\h
ycolor.sty
Package: hycolor 2020-01-27 v1.10 Color options for hyperref/bookmark (HO)
)
(C:\Users\KanushkaWitharamage\AppData\Local\Programs\MiKTeX\tex/latex/hyperref\
nameref.sty
Package: nameref 2025-06-21 v2.57 Cross-referencing by name of section

(C:\Users\KanushkaWitharamage\AppData\Local\Programs\MiKTeX\tex/latex/refcount\
refcount.sty
Package: refcount 2019/12/15 v3.6 Data extraction from label references (HO)
)
(C:\Users\KanushkaWitharamage\AppData\Local\Programs\MiKTeX\tex/generic/gettitl
estring\gettitlestring.sty
Package: gettitlestring 2019/12/15 v1.6 Cleanup title references (HO)

(C:\Users\KanushkaWitharamage\AppData\Local\Programs\MiKTeX\tex/latex/kvoptions
\kvoptions.sty
Package: kvoptions 2022-06-15 v3.15 Key value format for package options (HO)
))
\c@section@level=\count357
)
(C:\Users\KanushkaWitharamage\AppData\Local\Programs\MiKTeX\tex/generic/stringe
nc\stringenc.sty
Package: stringenc 2019/11/29 v1.12 Convert strings between diff. encodings (HO
)
)
\@linkdim=\dimen264
\Hy@linkcounter=\count358
\Hy@pagecounter=\count359

(C:\Users\KanushkaWitharamage\AppData\Local\Programs\MiKTeX\tex/latex/hyperref\
pd1enc.def
File: pd1enc.def 2025-07-12 v7.01o Hyperref: PDFDocEncoding definition (HO)
Now handling font encoding PD1 ...
... no UTF-8 mapping file for font encoding PD1
)
(C:\Users\KanushkaWitharamage\AppData\Local\Programs\MiKTeX\tex/generic/intcalc
\intcalc.sty
Package: intcalc 2019/12/15 v1.3 Expandable calculations with integers (HO)
)
\Hy@SavedSpaceFactor=\count360

(C:\Users\KanushkaWitharamage\AppData\Local\Programs\MiKTeX\tex/latex/hyperref\
puenc.def
File: puenc.def 2025-07-12 v7.01o Hyperref: PDF Unicode definition (HO)
Now handling font encoding PU ...
... no UTF-8 mapping file for font encoding PU
)
Package hyperref Info: Hyper figures OFF on input line 4195.
Package hyperref Info: Link nesting OFF on input line 4200.
Package hyperref Info: Hyper index ON on input line 4203.
Package hyperref Info: Plain pages OFF on input line 4210.
Package hyperref Info: Backreferencing OFF on input line 4215.
Package hyperref Info: Implicit mode ON; LaTeX internals redefined.
Package hyperref Info: Bookmarks ON on input line 4462.
\c@Hy@tempcnt=\count361

(C:\Users\KanushkaWitharamage\AppData\Local\Programs\MiKTeX\tex/latex/url\url.s
ty
\Urlmuskip=\muskip18
Package: url 2013/09/16  ver 3.4  Verb mode for urls, etc.
)
LaTeX Info: Redefining \url on input line 4801.
\XeTeXLinkMargin=\dimen265

(C:\Users\KanushkaWitharamage\AppData\Local\Programs\MiKTeX\tex/generic/bitset\
bitset.sty
Package: bitset 2019/12/09 v1.3 Handle bit-vector datatype (HO)

(C:\Users\KanushkaWitharamage\AppData\Local\Programs\MiKTeX\tex/generic/bigintc
alc\bigintcalc.sty
Package: bigintcalc 2019/12/15 v1.5 Expandable calculations on big integers (HO
)
))
\Fld@menulength=\count362
\Field@Width=\dimen266
\Fld@charsize=\dimen267
Package hyperref Info: Hyper figures OFF on input line 6078.
Package hyperref Info: Link nesting OFF on input line 6083.
Package hyperref Info: Hyper index ON on input line 6086.
Package hyperref Info: backreferencing OFF on input line 6093.
Package hyperref Info: Link coloring OFF on input line 6098.
Package hyperref Info: Link coloring with OCG OFF on input line 6103.
Package hyperref Info: PDF/A mode OFF on input line 6108.
\Hy@abspage=\count363
\c@Item=\count364
\c@Hfootnote=\count365
)
Package hyperref Info: Driver (autodetected): hpdftex.

(C:\Users\KanushkaWitharamage\AppData\Local\Programs\MiKTeX\tex/latex/hyperref\
hpdftex.def
File: hpdftex.def 2025-07-12 v7.01o Hyperref driver for pdfTeX
\Fld@listcount=\count366
\c@bookmark@seq@number=\count367

(C:\Users\KanushkaWitharamage\AppData\Local\Programs\MiKTeX\tex/latex/rerunfile
check\rerunfilecheck.sty
Package: rerunfilecheck 2025-06-21 v1.11 Rerun checks for auxiliary files (HO)

(C:\Users\KanushkaWitharamage\AppData\Local\Programs\MiKTeX\tex/generic/uniquec
ounter\uniquecounter.sty
Package: uniquecounter 2019/12/15 v1.4 Provide unlimited unique counter (HO)
)
Package uniquecounter Info: New unique counter `rerunfilecheck' on input line 2
84.
)
\Hy@SectionHShift=\skip80
)
(C:\Users\KanushkaWitharamage\AppData\Local\Programs\MiKTeX\tex/latex/glossarie
s/base\glossaries.sty
Package: glossaries 2026/04/21 v5.1 (NLCT)

(C:\Users\KanushkaWitharamage\AppData\Local\Programs\MiKTeX\tex/latex/mfirstuc\
mfirstuc.sty
Package: mfirstuc 2025/04/03 v2.09 (NLCT)
\@glsmfirst=\toks36
\@glsmrest=\toks37
)
(C:\Users\KanushkaWitharamage\AppData\Local\Programs\MiKTeX\tex/latex/xfor\xfor
.sty
Package: xfor 2009/02/05 v1.05 (NLCT)
)
(C:\Users\KanushkaWitharamage\AppData\Local\Programs\MiKTeX\tex/latex/datatool\
datatool-base.sty
Package: datatool-base 2026/07/31 v3.4.4 (NLCT)

(C:\Users\KanushkaWitharamage\AppData\Local\Programs\MiKTeX\tex/latex/tracklang
\tracklang.sty
Package: tracklang 2026/05/24 v1.6.8 (NLCT) Track Languages

(C:\Users\KanushkaWitharamage\AppData\Local\Programs\MiKTeX\tex/generic/trackla
ng\tracklang.tex))
\l__datatool_tmpa_int=\count368
\l__datatool_tmpb_int=\count369
\l__datatool_tmpc_int=\count370
\l__datatool_tmpd_int=\count371
\l__datatool_count_int=\count372
\l__datatool_tmp_datatype_int=\count373
\l__datatool_tmpa_dim=\dimen268
\l__datatool_tmpb_dim=\dimen269

(C:\Users\KanushkaWitharamage\AppData\Local\Programs\MiKTeX\tex/latex/datatool\
datatool-l3fp.def
File: datatool-l3fp.def 2026/07/31 v3.4.4 (NLCT)
)
\@dtl@toks=\toks38
\@dtl@tmpcount=\count374
\dtl@tmplength=\skip81
\l__datatool_measure_box=\box73
\dtl@sortresult=\count375

(C:\Users\KanushkaWitharamage\AppData\Local\Programs\MiKTeX\tex/latex/datatool\
datatool-utf8.ldf
File: datatool-utf8.ldf 2026/07/31 v3.4.4 (NLCT)
)
\@dtl@datatype=\count376
\c_datatool_unknown_int=\count377
\l__datatool_year_int=\count378
\l__datatool_month_int=\count379
\l__datatool_day_int=\count380
\l__datatool_hour_int=\count381
\l__datatool_minute_int=\count382
\l__datatool_second_int=\count383
\l__datatool_tzhour_int=\count384
\l__datatool_tzminute_int=\count385
\l__datatool_julian_int=\count386
\l__datatool_local_julian_int=\count387
\l__datatool_prefix_int=\count388
\l__datatool_suffix_int=\count389
\@dtl@foreach@level=\count390
\dtl@codeA=\count391
\dtl@codeB=\count392
)
\gls@level=\count393
\@gls@tmpb=\toks39
\gls@tmplen=\skip82
\l__glossaries_tmpa_dim=\dimen270
\l__glossaries_tmpb_dim=\dimen271
\glskeylisttok=\toks40
\glslabeltok=\toks41
\glsshorttok=\toks42
\glslongtok=\toks43

(C:\Users\KanushkaWitharamage\AppData\Local\Programs\MiKTeX\tex/latex/glossarie
s/styles\glossary-hypernav.sty
Package: glossary-hypernav 2026/04/21 v5.1 (NLCT)
)
(C:\Users\KanushkaWitharamage\AppData\Local\Programs\MiKTeX\tex/latex/glossarie
s/styles\glossary-list.sty
Package: glossary-list 2026/04/21 v5.1 (NLCT)
\glslistdottedwidth=\skip83
)
(C:\Users\KanushkaWitharamage\AppData\Local\Programs\MiKTeX\tex/latex/glossarie
s/styles\glossary-long.sty
Package: glossary-long 2026/04/21 v5.1 (NLCT)
\glsdescwidth=\skip84
\glspagelistwidth=\skip85
)
(C:\Users\KanushkaWitharamage\AppData\Local\Programs\MiKTeX\tex/latex/glossarie
s/styles\glossary-super.sty
Package: glossary-super 2026/04/21 v5.1 (NLCT)

(C:\Users\KanushkaWitharamage\AppData\Local\Programs\MiKTeX\tex/latex/supertabu
lar\supertabular.sty
Package: supertabular 2025/06/26 v4.2d the supertabular environment
\c@tracingst=\count394
\ST@wd=\dimen272
\ST@rightskip=\skip86
\ST@leftskip=\skip87
\ST@parfillskip=\skip88
\ST@pageleft=\dimen273
\ST@headht=\dimen274
\ST@tailht=\dimen275
\ST@pagesofar=\dimen276
\ST@pboxht=\dimen277
\ST@rowht=\dimen278
\ST@prevht=\dimen279
\ST@toadd=\dimen280
\ST@dimen=\dimen281
\ST@pbox=\box74
))
(C:\Users\KanushkaWitharamage\AppData\Local\Programs\MiKTeX\tex/latex/glossarie
s/styles\glossary-tree.sty
Package: glossary-tree 2026/04/21 v5.1 (NLCT)
\l__glossaries_tree_max_known_level_int=\count395
\l__glossaries_tree_offset_dim=\dimen282
\l__glossaries_tree_namewidth_dim=\dimen283
\l__glossaries_tree_symbolwidth_dim=\dimen284
\l__glossaries_tree_prenamesym_width_dim=\dimen285
\l__glossaries_tree_presubnamesym_width_dim=\dimen286
\l__glossaries_tree_namewidth_padding_dim=\dimen287
\l__glossaries_tree_symbolwidth_padding_dim=\dimen288
\l__glossaries_tree_namesymbolwidth_dim=\dimen289
\l__glossaries_tree_namesymbolwidth_padding_dim=\dimen290
\l__glossaries_tree_level_int=\count396
\glstreeindent=\skip89
))
\glswrite=\write3
\glo@main@file=\write4
\openout4 = `main.glo'.

Package glossaries Info: Writing glossary file main.glo on input line 56.
\glo@acronym@file=\write5
\openout5 = `main.acn'.

Package glossaries Info: Writing glossary file main.acn on input line 56.
Package translations Info: No language package found. I am going to use `englis
h' as default language. on input line 100.

(C:\Users\KanushkaWitharamage\AppData\Local\Programs\MiKTeX\tex/latex/graphics\
color.sty
Package: color 2025/01/14 v1.3e Standard LaTeX Color (DPC)

(C:\Users\KanushkaWitharamage\AppData\Local\Programs\MiKTeX\tex/latex/graphics-
cfg\color.cfg
File: color.cfg 2016/01/02 v1.6 sample color configuration
)
Package color Info: Driver file: pdftex.def on input line 149.

(C:\Users\KanushkaWitharamage\AppData\Local\Programs\MiKTeX\tex/latex/graphics\
mathcolor.ltx))
LaTeX Font Info:    Trying to load font information for T1+ptm on input line 10
0.

(C:\Users\KanushkaWitharamage\AppData\Local\Programs\MiKTeX\tex/latex/psnfss\t1
ptm.fd
File: t1ptm.fd 2001/06/04 font definitions for T1/ptm.
)
(C:\Users\KanushkaWitharamage\AppData\Local\Programs\MiKTeX\tex/latex/l3backend
\l3backend-pdftex.def
File: l3backend-pdftex.def 2025-10-09 L3 backend support: PDF output (pdfTeX)
\l__color_backend_stack_int=\count397
) (main.aux)
\openout1 = `main.aux'.

LaTeX Font Info:    Checking defaults for OML/cmm/m/it on input line 100.
LaTeX Font Info:    ... okay on input line 100.
LaTeX Font Info:    Checking defaults for OMS/cmsy/m/n on input line 100.
LaTeX Font Info:    ... okay on input line 100.
LaTeX Font Info:    Checking defaults for OT1/cmr/m/n on input line 100.
LaTeX Font Info:    ... okay on input line 100.
LaTeX Font Info:    Checking defaults for T1/cmr/m/n on input line 100.
LaTeX Font Info:    ... okay on input line 100.
LaTeX Font Info:    Checking defaults for TS1/cmr/m/n on input line 100.
LaTeX Font Info:    ... okay on input line 100.
LaTeX Font Info:    Checking defaults for OMX/cmex/m/n on input line 100.
LaTeX Font Info:    ... okay on input line 100.
LaTeX Font Info:    Checking defaults for U/cmr/m/n on input line 100.
LaTeX Font Info:    ... okay on input line 100.
LaTeX Font Info:    Checking defaults for PD1/pdf/m/n on input line 100.
LaTeX Font Info:    ... okay on input line 100.
LaTeX Font Info:    Checking defaults for PU/pdf/m/n on input line 100.
LaTeX Font Info:    ... okay on input line 100.

*geometry* driver: auto-detecting
*geometry* detected driver: pdftex
*geometry* verbose mode - [ preamble ] result:
* driver: pdftex
* paper: a4paper
* layout: <same size as paper>
* layoutoffset:(h,v)=(0.0pt,0.0pt)
* modes: 
* h-part:(L,W,R)=(109.54327pt, 416.83272pt, 71.13188pt)
* v-part:(T,H,B)=(71.13188pt, 702.78308pt, 71.13188pt)
* \paperwidth=597.50787pt
* \paperheight=845.04684pt
* \textwidth=416.83272pt
* \textheight=702.78308pt
* \oddsidemargin=37.27328pt
* \evensidemargin=37.27328pt
* \topmargin=-38.1381pt
* \headheight=12.0pt
* \headsep=25.0pt
* \topskip=12.0pt
* \footskip=30.0pt
* \marginparwidth=35.0pt
* \marginparsep=10.0pt
* \columnsep=10.0pt
* \skip\footins=10.8pt plus 4.0pt minus 2.0pt
* \hoffset=0.0pt
* \voffset=0.0pt
* \mag=1000
* \@twocolumnfalse
* \@twosidefalse
* \@mparswitchfalse
* \@reversemarginfalse
* (1in=72.27pt=25.4mm, 1cm=28.453pt)


(C:\Users\KanushkaWitharamage\AppData\Local\Programs\MiKTeX\tex/context/base/mk
ii\supp-pdf.mkii
[Loading MPS to PDF converter (version 2006.09.02).]
\scratchcounter=\count398
\scratchdimen=\dimen291
\scratchbox=\box75
\nofMPsegments=\count399
\nofMParguments=\count400
\everyMPshowfont=\toks44
\MPscratchCnt=\count401
\MPscratchDim=\dimen292
\MPnumerator=\count402
\makeMPintoPDFobject=\count403
\everyMPtoPDFconversion=\toks45
)
(C:\Users\KanushkaWitharamage\AppData\Local\Programs\MiKTeX\tex/latex/epstopdf-
pkg\epstopdf-base.sty
Package: epstopdf-base 2020-01-24 v2.11 Base part for package epstopdf
Package epstopdf-base Info: Redefining graphics rule for `.eps' on input line 4
85.

(C:\Users\KanushkaWitharamage\AppData\Local\Programs\MiKTeX\tex/latex/00miktex\
epstopdf-sys.cfg
File: epstopdf-sys.cfg 2021/03/18 v2.0 Configuration of epstopdf for MiKTeX
))
(C:\Users\KanushkaWitharamage\AppData\Local\Programs\MiKTeX\tex/latex/translati
ons/dicts\translations-basic-dictionary-english.trsl
File: translations-basic-dictionary-english.trsl (english translation file `tra
nslations-basic-dictionary')
)
Package translations Info: loading dictionary `translations-basic-dictionary' f
or `english'. on input line 100.

(C:\Users\KanushkaWitharamage\AppData\Local\Programs\MiKTeX\tex/latex/fmtcount\
fc-english.def
File: fc-english.def 2016/01/12
)
Package caption Info: Begin \AtBeginDocument code.
Package caption Info: hyperref package is loaded.
Package caption Info: supertabular package is loaded.
Package caption Info: End \AtBeginDocument code.
Package hyperref Info: Link coloring OFF on input line 100.
 (main.out) (main.out)
\@outlinefile=\write6
\openout6 = `main.out'.

 (main.glsdefs)
(preliminary_pages/cover_page.tex
LaTeX Font Info:    Trying to load font information for OT1+ztmcm on input line
 17.

(C:\Users\KanushkaWitharamage\AppData\Local\Programs\MiKTeX\tex/latex/psnfss\ot
1ztmcm.fd
File: ot1ztmcm.fd 2000/01/03 Fontinst v1.801 font definitions for OT1/ztmcm.
)
LaTeX Font Info:    Trying to load font information for OML+ztmcm on input line
 17.

(C:\Users\KanushkaWitharamage\AppData\Local\Programs\MiKTeX\tex/latex/psnfss\om
lztmcm.fd
File: omlztmcm.fd 2000/01/03 Fontinst v1.801 font definitions for OML/ztmcm.
)
LaTeX Font Info:    Trying to load font information for OMS+ztmcm on input line
 17.

(C:\Users\KanushkaWitharamage\AppData\Local\Programs\MiKTeX\tex/latex/psnfss\om
sztmcm.fd
File: omsztmcm.fd 2000/01/03 Fontinst v1.801 font definitions for OMS/ztmcm.
)
LaTeX Font Info:    Trying to load font information for OMX+ztmcm on input line
 17.

(C:\Users\KanushkaWitharamage\AppData\Local\Programs\MiKTeX\tex/latex/psnfss\om
xztmcm.fd
File: omxztmcm.fd 2000/01/03 Fontinst v1.801 font definitions for OMX/ztmcm.
)
LaTeX Font Info:    Trying to load font information for OT1+ptm on input line 1
7.

(C:\Users\KanushkaWitharamage\AppData\Local\Programs\MiKTeX\tex/latex/psnfss\ot
1ptm.fd
File: ot1ptm.fd 2001/06/04 font definitions for OT1/ptm.
)
LaTeX Font Info:    Font shape `OT1/ptm/bx/n' in size <12> not available
(Font)              Font shape `OT1/ptm/b/n' tried instead on input line 17.
LaTeX Font Info:    Font shape `OT1/ptm/bx/n' in size <9> not available
(Font)              Font shape `OT1/ptm/b/n' tried instead on input line 17.
LaTeX Font Info:    Font shape `OT1/ptm/bx/n' in size <7> not available
(Font)              Font shape `OT1/ptm/b/n' tried instead on input line 17.
 [1

\openout3 = `main.ist'.

{C:/Users/KanushkaWitharamage/AppData/Local/MiKTeX/fonts/map/pdftex/pdftex.map}
{C:/Users/KanushkaWitharamage/AppData/Local/Programs/MiKTeX/fonts/enc/dvips/bas
e/8r.enc}]) (preliminary_pages/title_page.tex
pdfTeX warning (ext4): destination with the same identifier (name{page.i}) has 
been already used, duplicate ignored
<to be read again> 
                   \relax 
l.52 \end{titlepage}
                     [1]) (preliminary_pages/declaration.tex
Underfull \hbox (badness 10000) in paragraph at lines 14--18

 []


Underfull \hbox (badness 10000) in paragraph at lines 19--23

 []


Underfull \hbox (badness 10000) in paragraph at lines 24--28

 []


Underfull \hbox (badness 10000) in paragraph at lines 36--39

 []


Underfull \hbox (badness 10000) in paragraph at lines 45--48

 []


pdfTeX warning (ext4): destination with the same identifier (name{page.i}) has 
been already used, duplicate ignored
<to be read again> 
                   \relax 
l.54 \noindent
               [1]
Underfull \hbox (badness 10000) in paragraph at lines 56--59

 []

[2]) (preliminary_pages/acknowledgement.tex
Overfull \hbox (0.45157pt too wide) in paragraph at lines 3--4
\T1/ptm/m/n/12 ver-sity, for their guid-ance, con-struc-tive crit-i-cism and co
n-tin-ued en-cour-age-ment through-
 []

[3


]) (main.toc [4


] [5] [6])
\tf@toc=\write7
\openout7 = `main.toc'.

 [7] (preliminary_pages/abstract.tex [8

]) (main.lof)
\tf@lof=\write8
\openout8 = `main.lof'.

[9


] (main.lot)
\tf@lot=\write9
\openout9 = `main.lot'.

 [10

] (preliminary_pages/abbreviations.tex
\@gls@deffile=\write10
\openout10 = `main.glsdefs'.

 (main.acr
ignored error: Infinite glue shrinkage found in box being split [11

])) [12]
(sections/chapter1.tex [1

] [2] [3] [4]) [5] (sections/chapter2.tex
LaTeX Font Info:    Trying to load font information for TS1+ptm on input line 2
0.

(C:\Users\KanushkaWitharamage\AppData\Local\Programs\MiKTeX\tex/latex/psnfss\ts
1ptm.fd
File: ts1ptm.fd 2001/06/04 font definitions for TS1/ptm.
) [6

]
Overfull \hbox (1.20418pt too wide) in paragraph at lines 50--51
\T1/ptm/m/n/12 three ripeness classes, and []Centino et al.[] ([]2025[]) ob-tai
ned 95.52% on a bi-nary ripe/unripe
 []


Overfull \hbox (12.77574pt too wide) in paragraph at lines 50--51
\T1/ptm/m/n/12 task us-ing back-ground re-moval and colour-space con-ver-sion b
e-fore clas-si-fi-ca-tion. []Waseem
 []

[7] [8] [9] [10]) [11] [12] (sections/chapter3.tex
Overfull \hbox (4.69888pt too wide) in paragraph at lines 9--10
[]\T1/ptm/m/n/12 The re-search was car-ried out jointly and is di-vided into th
ree in-ter-de-pen-dent sub-systems:
 []

[13

]
Underfull \hbox (badness 10000) in paragraph at lines 47--47
[]|\T1/ptm/m/n/12 Padma tomato
 []


Underfull \hbox (badness 10000) in paragraph at lines 47--47
[]|\T1/ptm/m/n/12 Image dataset
 []


Underfull \hbox (badness 10000) in paragraph at lines 47--47
\T1/ptm/m/n/12 (Sec-tion []3.6[]),
 []


Underfull \hbox (badness 10000) in paragraph at lines 47--47
\T1/ptm/m/n/12 shelf-life
 []


Underfull \hbox (badness 10000) in paragraph at lines 47--47
\T1/ptm/m/n/12 ob-ser-va-tion
 []


Underfull \hbox (badness 10000) in paragraph at lines 47--47
\T1/ptm/m/n/12 (Sec-tion []3.18[])
 []


Underfull \hbox (badness 10000) in paragraph at lines 47--47
\T1/ptm/m/n/12 and con-veyor
 []


Underfull \hbox (badness 10000) in paragraph at lines 47--47
\T1/ptm/m/n/12 test-ing (Sec-
 []


Underfull \hbox (badness 10000) in paragraph at lines 47--47
[]|\T1/ptm/m/n/12 Publicly sourced
 []


Underfull \hbox (badness 10000) in paragraph at lines 47--47
[]|\T1/ptm/m/n/12 Removed dur-
 []


Underfull \hbox (badness 10000) in paragraph at lines 47--47
\T1/ptm/m/n/12 ing qual-ity
 []


Underfull \hbox (badness 10000) in paragraph at lines 47--47
\T1/ptm/m/n/12 con-trol; not
 []


Underfull \hbox (badness 10000) in paragraph at lines 47--47
\T1/ptm/m/n/12 part of the
 []


Underfull \hbox (badness 10000) in paragraph at lines 47--47
\T1/ptm/m/n/12 fi-nal dataset
 []

[14]
Underfull \hbox (badness 1533) in paragraph at lines 78--78
[]|\T1/ptm/m/n/12 DM542 step-and-direction driver, com-manded at 0--
 []


Underfull \hbox (badness 10000) in paragraph at lines 78--78
[]|\T1/ptm/m/n/12 Driver power
 []


Underfull \hbox (badness 6758) in paragraph at lines 78--78
[]|\T1/ptm/m/n/12 Power trans-mis-
 []


Underfull \hbox (badness 10000) in paragraph at lines 78--78
[]|\T1/ptm/m/n/12 Frame and
 []


Underfull \hbox (badness 1275) in paragraph at lines 78--78
[]|\T1/ptm/m/n/12 25mm (1 inch) box-section frame, six bracket-and-
 []


Underfull \hbox (badness 2393) in paragraph at lines 78--78
[]|\T1/ptm/m/n/12 Workstation with NVIDIA GeForce RTX 3070 Ti,
 []

[15]
Underfull \hbox (badness 3612) in paragraph at lines 108--108
[]|\T1/ptm/m/n/12 Training, in-fer-ence, dash-board
 []


Underfull \hbox (badness 5161) in paragraph at lines 108--108
[]|\T1/ptm/m/n/12 2.11.0 and 0.26.0
 []


Underfull \hbox (badness 1137) in paragraph at lines 108--108
[]|\T1/ptm/m/n/12 Detection ar-chi-tec-ture, train-ing,
 []


Underfull \hbox (badness 10000) in paragraph at lines 108--108
[]|\T1/ptm/m/n/12 Stable re-lease at
 []


Underfull \hbox (badness 10000) in paragraph at lines 108--108
[]|\T1/ptm/m/n/12 Bundled with
 []


Underfull \hbox (badness 6252) in paragraph at lines 108--108
[]|\T1/ptm/m/n/12 Local de-tec-tion and in-di-ca-tor
 []


Underfull \hbox (badness 10000) in paragraph at lines 108--108
[]|\T1/ptm/m/n/12 NumPy, pan-das,
 []


Underfull \hbox (badness 1009) in paragraph at lines 108--108
[]|\T1/ptm/m/n/12 2.4.4, 3.0.5, 6.0.3,
 []


Underfull \hbox (badness 3148) in paragraph at lines 108--108
[]|\T1/ptm/m/n/12 Numerical work, tab-u-lar data,
 []


Underfull \hbox (badness 10000) in paragraph at lines 108--108
[]|\T1/ptm/m/n/12 PlatformIO, Ar-duino
 []


Underfull \hbox (badness 10000) in paragraph at lines 108--108
[]|\T1/ptm/m/n/12 Project pinned;
 []

[16] [17] [18] [19]
Overfull \hbox (28.05112pt too wide) in paragraph at lines 201--216
 [][] 
 []


Underfull \hbox (badness 1509) in paragraph at lines 235--235
[]|\T1/ptm/m/n/12 Entirely green skin, with no red or or-ange
 []


Underfull \hbox (badness 2080) in paragraph at lines 235--235
[]|\T1/ptm/m/n/12 Onset of ripen-ing
 []


Underfull \hbox (badness 10000) in paragraph at lines 235--235
[]|\T1/ptm/m/n/12 Mid ripen-ing
 []

[20]
Overfull \hbox (6.83649pt too wide) in paragraph at lines 243--244
\T1/ptm/m/n/12 All im-ages were an-no-tated in Roboflow ([]Dwyer et al.[], []20
24[]) and ex-ported in the YOLOv8
 []

[21] [22] [23]
Underfull \hbox (badness 1502) in paragraph at lines 312--312
[]|\T1/ptm/m/n/12 Fitting of model pa-ram-e-ters; sup-ple-mented
 []

[24] [25]
Underfull \hbox (badness 5077) in paragraph at lines 357--357
[]|\T1/ptm/m/n/12 Maximum epochs and early
 []


Underfull \hbox (badness 1314) in paragraph at lines 357--357
[]|\T1/ptm/m/n/12 Initial learn-ing rate and fi-nal
 []

[26] [27] [28] [29] [30] [31] [32] [33] [34]
Overfull \hbox (2.91202pt too wide) in paragraph at lines 535--536
[]\T1/ptm/b/n/12 Experiment 2 --- Ar-chi-tec-ture com-par-i-son. \T1/ptm/m/n/12
 Com-pares the de-ployed YOLOv8m model
 []

[35]
Underfull \hbox (badness 1635) in paragraph at lines 569--569
\T1/ptm/m/n/12 tion and clas-si-fi-ca-tion
 []


Underfull \hbox (badness 10000) in paragraph at lines 569--569
[]|\T1/ptm/m/n/12 777 un-seen la-
 []


Underfull \hbox (badness 2799) in paragraph at lines 569--569
[]|\T1/ptm/m/n/12 High pre-ci-sion, re-call and
 []


Underfull \hbox (badness 10000) in paragraph at lines 569--569
\T1/ptm/m/n/12 mean av-er-age pre-ci-sion
 []


Underfull \hbox (badness 7273) in paragraph at lines 569--569
[]|\T1/ptm/m/n/12 Architecture com-par-i-
 []


Underfull \hbox (badness 2334) in paragraph at lines 569--569
[]|\T1/ptm/m/n/12 Live clas-si-fi-ca-tion in-
 []


Underfull \hbox (badness 4673) in paragraph at lines 569--569
[]|\T1/ptm/m/n/12 Correct class re-ported for
 []


Underfull \hbox (badness 5203) in paragraph at lines 569--569
[]|\T1/ptm/m/n/12 Frame con-tain-ing
 []


Underfull \hbox (badness 4940) in paragraph at lines 569--569
[]|\T1/ptm/m/n/12 Single gate ac-tu-a-tion
 []


Underfull \hbox (badness 10000) in paragraph at lines 569--569
[]|\T1/ptm/m/n/12 Direct com-mand
 []


Underfull \hbox (badness 1502) in paragraph at lines 569--569
\T1/ptm/m/n/12 to one gate, belt
 []


Underfull \hbox (badness 2600) in paragraph at lines 569--569
[]|\T1/ptm/m/n/12 Corresponding servo opens
 []


Underfull \hbox (badness 2181) in paragraph at lines 569--569
[]|\T1/ptm/m/n/12 Known-class fruit
 []


Underfull \hbox (badness 1275) in paragraph at lines 569--569
[]|\T1/ptm/m/n/12 Fruit phys-i-cally di-verted at
 []


Underfull \hbox (badness 10000) in paragraph at lines 569--569
[]|\T1/ptm/m/n/12 Sequenced class
 []


Underfull \hbox (badness 10000) in paragraph at lines 569--569
\T1/ptm/m/n/12 com-mands over
 []


Underfull \hbox (badness 10000) in paragraph at lines 569--569
\T1/ptm/m/n/12 once de-spite in-ter-mit-tent
 []

[36] [37]) [38] (sections/chapter4.tex [39

] [40]
Overfull \hbox (20.94826pt too wide) in paragraph at lines 114--115
[]\T1/ptm/m/n/12 YOLOv8m was re-tained for de-ploy-ment. The met-ric on which Y
OLO26m leads, mAP@50--
 []

[41] [42]) [43] [44] (sections/chapter5.tex [45

] [46]) [47] (main.bbl [48

]
[49] [50]) [51] (sections/appendix.tex [1

]) [2] (main.aux)
 ***********
LaTeX2e <2025-11-01>
L3 programming layer <2025-12-24>
 ***********
Package rerunfilecheck Info: File `main.out' has not changed.
(rerunfilecheck)             Checksum: 1781B215C45B5E7420775C3DC8E3AF95;14766.
 ) 
Here is how much of TeX's memory you used:
 26528 strings out of 467871
 542465 string characters out of 5411600
 964493 words of memory out of 5000000
 54773 multiletter control sequences out of 15000+600000
 671082 words of font info for 106 fonts, out of 8000000 for 9000
 1141 hyphenation exceptions out of 8191
 75i,11n,117p,2474b,1381s stack positions out of 10000i,1000n,20000p,200000b,200000s
 <C:\Users\KanushkaWitharamage\AppData\Local\MiKTeX\fonts/pk/ljfour/jknappen/
ec/dpi600\ectt1200.pk><C:/Users/KanushkaWitharamage/AppData/Local/Programs/MiKT
eX/fonts/type1/public/amsfonts/cm/cmex10.pfb><C:/Users/KanushkaWitharamage/AppD
ata/Local/Programs/MiKTeX/fonts/type1/public/amsfonts/cm/cmmi10.pfb><C:/Users/K
anushkaWitharamage/AppData/Local/Programs/MiKTeX/fonts/type1/public/amsfonts/cm
/cmr10.pfb><C:/Users/KanushkaWitharamage/AppData/Local/Programs/MiKTeX/fonts/ty
pe1/public/amsfonts/cm/cmsy10.pfb><C:/Users/KanushkaWitharamage/AppData/Local/P
rograms/MiKTeX/fonts/type1/urw/symbol/usyr.pfb><C:/Users/KanushkaWitharamage/Ap
pData/Local/Programs/MiKTeX/fonts/type1/urw/times/utmb8a.pfb><C:/Users/Kanushka
Witharamage/AppData/Local/Programs/MiKTeX/fonts/type1/urw/times/utmr8a.pfb><C:/
Users/KanushkaWitharamage/AppData/Local/Programs/MiKTeX/fonts/type1/urw/times/u
tmri8a.pfb>
Output written on main.pdf (67 pages, 370063 bytes).
PDF statistics:
 1243 PDF objects out of 1440 (max. 8388607)
 266 named destinations out of 1000 (max. 500000)
 633 words of extra memory for PDF output out of 10000 (max. 10000000)

