This is pdfTeX, Version 3.141592653-2.6-1.40.28 (MiKTeX 25.12) (preloaded format=pdflatex 2026.8.31)  31 AUG 2026 22:38
entering extended mode
 restricted \write18 enabled.
 file:line:error style messages enabled.
 %&-line parsing enabled.
**"c:/Users/kanus/OneDrive/Desktop/Research Project/Research/documents/thesis writing/Submitted Thesis and Journal IIT 016 Group/Tomato_Classification_Thesis_IIT_016/main.tex"
(c:/Users/kanus/OneDrive/Desktop/Research Project/Research/documents/thesis writing/Submitted Thesis and Journal IIT 016 Group/Tomato_Classification_Thesis_IIT_016/main.tex
LaTeX2e <2025-11-01>
L3 programming layer <2025-12-24>
(C:\Users\kanus\AppData\Local\Programs\MiKTeX\tex/latex/base\article.cls
Document Class: article 2025/01/22 v1.4n Standard LaTeX document class
(C:\Users\kanus\AppData\Local\Programs\MiKTeX\tex/latex/base\size12.clo
File: size12.clo 2025/01/22 v1.4n Standard LaTeX file (size option)
)
\c@part=\count275
\c@section=\count276
\c@subsection=\count277
\c@subsubsection=\count278
\c@paragraph=\count279
\c@subparagraph=\count280
\c@figure=\count281
\c@table=\count282
\abovecaptionskip=\skip49
\belowcaptionskip=\skip50
\bibindent=\dimen148
) (C:\Users\kanus\AppData\Local\Programs\MiKTeX\tex/latex/base\textcomp.sty
Package: textcomp 2024/04/24 v2.1b Standard LaTeX package
) (C:\Users\kanus\AppData\Local\Programs\MiKTeX\tex/latex/psnfss\mathptmx.sty
Package: mathptmx 2020/03/25 PSNFSS-v9.3 Times w/ Math, improved (SPQR, WaS) 
LaTeX Font Info:    Redeclaring symbol font `operators' on input line 28.
LaTeX Font Info:    Overwriting symbol font `operators' in version `normal'
(Font)                  OT1/cmr/m/n --> OT1/ztmcm/m/n on input line 28.
LaTeX Font Info:    Overwriting symbol font `operators' in version `bold'
(Font)                  OT1/cmr/bx/n --> OT1/ztmcm/m/n on input line 28.
LaTeX Font Info:    Redeclaring symbol font `letters' on input line 29.
LaTeX Font Info:    Overwriting symbol font `letters' in version `normal'
(Font)                  OML/cmm/m/it --> OML/ztmcm/m/it on input line 29.
LaTeX Font Info:    Overwriting symbol font `letters' in version `bold'
(Font)                  OML/cmm/b/it --> OML/ztmcm/m/it on input line 29.
LaTeX Font Info:    Redeclaring symbol font `symbols' on input line 30.
LaTeX Font Info:    Overwriting symbol font `symbols' in version `normal'
(Font)                  OMS/cmsy/m/n --> OMS/ztmcm/m/n on input line 30.
LaTeX Font Info:    Overwriting symbol font `symbols' in version `bold'
(Font)                  OMS/cmsy/b/n --> OMS/ztmcm/m/n on input line 30.
LaTeX Font Info:    Redeclaring symbol font `largesymbols' on input line 31.
LaTeX Font Info:    Overwriting symbol font `largesymbols' in version `normal'
(Font)                  OMX/cmex/m/n --> OMX/ztmcm/m/n on input line 31.
LaTeX Font Info:    Overwriting symbol font `largesymbols' in version `bold'
(Font)                  OMX/cmex/m/n --> OMX/ztmcm/m/n on input line 31.
\symbold=\mathgroup4
\symitalic=\mathgroup5
LaTeX Font Info:    Redeclaring math alphabet \mathbf on input line 34.
LaTeX Font Info:    Overwriting math alphabet `\mathbf' in version `normal'
(Font)                  OT1/cmr/bx/n --> OT1/ptm/bx/n on input line 34.
LaTeX Font Info:    Overwriting math alphabet `\mathbf' in version `bold'
(Font)                  OT1/cmr/bx/n --> OT1/ptm/bx/n on input line 34.
LaTeX Font Info:    Redeclaring math alphabet \mathit on input line 35.
LaTeX Font Info:    Overwriting math alphabet `\mathit' in version `normal'
(Font)                  OT1/cmr/m/it --> OT1/ptm/m/it on input line 35.
LaTeX Font Info:    Overwriting math alphabet `\mathit' in version `bold'
(Font)                  OT1/cmr/bx/it --> OT1/ptm/m/it on input line 35.
LaTeX Info: Redefining \hbar on input line 50.
) (C:\Users\kanus\AppData\Local\Programs\MiKTeX\tex/latex/setspace\setspace.sty
Package: setspace 2022/12/04 v6.7b set line spacing
) (C:\Users\kanus\AppData\Local\Programs\MiKTeX\tex/latex/geometry\geometry.sty
Package: geometry 2026/03/07 v6.0 Page Geometry
 (C:\Users\kanus\AppData\Local\Programs\MiKTeX\tex/latex/graphics\keyval.sty
Package: keyval 2022/05/29 v1.15 key=value parser (DPC)
\KV@toks@=\toks17
) (C:\Users\kanus\AppData\Local\Programs\MiKTeX\tex/generic/iftex\ifvtex.sty
Package: ifvtex 2019/10/25 v1.7 ifvtex legacy package. Use iftex instead.
 (C:\Users\kanus\AppData\Local\Programs\MiKTeX\tex/generic/iftex\iftex.sty
Package: iftex 2024/12/12 v1.0g TeX engine tests
))
\Gm@cnth=\count283
\Gm@cntv=\count284
\c@Gm@tempcnt=\count285
\Gm@bindingoffset=\dimen149
\Gm@wd@mp=\dimen150
\Gm@odd@mp=\dimen151
\Gm@even@mp=\dimen152
\Gm@layoutwidth=\dimen153
\Gm@layoutheight=\dimen154
\Gm@layouthoffset=\dimen155
\Gm@layoutvoffset=\dimen156
\Gm@dimlist=\toks18
 (C:\Users\kanus\AppData\Local\Programs\MiKTeX\tex/latex/geometry\geometry.cfg)) (C:\Users\kanus\AppData\Local\Programs\MiKTeX\tex/latex/titlesec\titlesec.sty
Package: titlesec 2025/01/04 v2.17 Sectioning titles
\ttl@box=\box53
\beforetitleunit=\skip51
\aftertitleunit=\skip52
\ttl@plus=\dimen157
\ttl@minus=\dimen158
\ttl@toksa=\toks19
\titlewidth=\dimen159
\titlewidthlast=\dimen160
\titlewidthfirst=\dimen161
) (C:\Users\kanus\AppData\Local\Programs\MiKTeX\tex/latex/graphics\graphicx.sty
Package: graphicx 2024/12/31 v1.2e Enhanced LaTeX Graphics (DPC,SPQR)
 (C:\Users\kanus\AppData\Local\Programs\MiKTeX\tex/latex/graphics\graphics.sty
Package: graphics 2024/08/06 v1.4g Standard LaTeX Graphics (DPC,SPQR)
 (C:\Users\kanus\AppData\Local\Programs\MiKTeX\tex/latex/graphics\trig.sty
Package: trig 2023/12/02 v1.11 sin cos tan (DPC)
) (C:\Users\kanus\AppData\Local\Programs\MiKTeX\tex/latex/graphics-cfg\graphics.cfg
File: graphics.cfg 2016/06/04 v1.11 sample graphics configuration
)
Package graphics Info: Driver file: pdftex.def on input line 106.
 (C:\Users\kanus\AppData\Local\Programs\MiKTeX\tex/latex/graphics-def\pdftex.def
File: pdftex.def 2025/09/29 v1.2d Graphics/color driver for pdftex
))
\Gin@req@height=\dimen162
\Gin@req@width=\dimen163
) (C:\Users\kanus\AppData\Local\Programs\MiKTeX\tex/latex/multirow\multirow.sty
Package: multirow 2024/11/12 v2.9 Span multiple rows of a table
\multirow@colwidth=\skip53
\multirow@cntb=\count286
\multirow@dima=\skip54
\bigstrutjot=\dimen164
) (C:\Users\kanus\AppData\Local\Programs\MiKTeX\tex/latex/tools\tabularx.sty
Package: tabularx 2023/12/11 v2.12a `tabularx' package (DPC)
 (C:\Users\kanus\AppData\Local\Programs\MiKTeX\tex/latex/tools\array.sty
Package: array 2025/09/25 v2.6n Tabular extension package (FMi)
\col@sep=\dimen165
\ar@mcellbox=\box54
\extrarowheight=\dimen166
\NC@list=\toks20
\extratabsurround=\skip55
\backup@length=\skip56
\ar@cellbox=\box55
)
\TX@col@width=\dimen167
\TX@old@table=\dimen168
\TX@old@col=\dimen169
\TX@target=\dimen170
\TX@delta=\dimen171
\TX@cols=\count287
\TX@ftn=\toks21
) (C:\Users\kanus\AppData\Local\Programs\MiKTeX\tex/latex/tools\longtable.sty
Package: longtable 2025-10-13 v4.24 Multi-page Table package (DPC)
\LTleft=\skip57
\LTright=\skip58
\LTpre=\skip59
\LTpost=\skip60
\LTchunksize=\count288
\LTcapwidth=\dimen172
\LT@head=\box56
\LT@firsthead=\box57
\LT@foot=\box58
\LT@lastfoot=\box59
\LT@gbox=\box60
\LT@cols=\count289
\LT@rows=\count290
\c@LT@tables=\count291
\c@LT@chunks=\count292
\LT@p@ftn=\toks22
) (C:\Users\kanus\AppData\Local\Programs\MiKTeX\tex/latex/booktabs\booktabs.sty
Package: booktabs 2020/01/12 v1.61803398 Publication quality tables
\heavyrulewidth=\dimen173
\lightrulewidth=\dimen174
\cmidrulewidth=\dimen175
\belowrulesep=\dimen176
\belowbottomsep=\dimen177
\aboverulesep=\dimen178
\abovetopsep=\dimen179
\cmidrulesep=\dimen180
\cmidrulekern=\dimen181
\defaultaddspace=\dimen182
\@cmidla=\count293
\@cmidlb=\count294
\@aboverulesep=\dimen183
\@belowrulesep=\dimen184
\@thisruleclass=\count295
\@lastruleclass=\count296
\@thisrulewidth=\dimen185
) (C:\Users\kanus\AppData\Local\Programs\MiKTeX\tex/latex/float\float.sty
Package: float 2001/11/08 v1.3d Float enhancements (AL)
\c@float@type=\count297
\float@exts=\toks23
\float@box=\box61
\@float@everytoks=\toks24
\@floatcapt=\box62
) (C:\Users\kanus\AppData\Local\Programs\MiKTeX\tex/latex/amsmath\amsmath.sty
Package: amsmath 2025/07/09 v2.17z AMS math features
\@mathmargin=\skip61

For additional information on amsmath, use the `?' option.
(C:\Users\kanus\AppData\Local\Programs\MiKTeX\tex/latex/amsmath\amstext.sty
Package: amstext 2024/11/17 v2.01 AMS text
 (C:\Users\kanus\AppData\Local\Programs\MiKTeX\tex/latex/amsmath\amsgen.sty
File: amsgen.sty 1999/11/30 v2.0 generic functions
\@emptytoks=\toks25
\ex@=\dimen186
)) (C:\Users\kanus\AppData\Local\Programs\MiKTeX\tex/latex/amsmath\amsbsy.sty
Package: amsbsy 1999/11/29 v1.2d Bold Symbols
\pmbraise@=\dimen187
) (C:\Users\kanus\AppData\Local\Programs\MiKTeX\tex/latex/amsmath\amsopn.sty
Package: amsopn 2022/04/08 v2.04 operator names
)
\inf@bad=\count298
LaTeX Info: Redefining \frac on input line 233.
\uproot@=\count299
\leftroot@=\count300
LaTeX Info: Redefining \overline on input line 398.
LaTeX Info: Redefining \colon on input line 409.
\classnum@=\count301
\DOTSCASE@=\count302
LaTeX Info: Redefining \ldots on input line 495.
LaTeX Info: Redefining \dots on input line 498.
LaTeX Info: Redefining \cdots on input line 619.
\Mathstrutbox@=\box63
\strutbox@=\box64
LaTeX Info: Redefining \big on input line 721.
LaTeX Info: Redefining \Big on input line 722.
LaTeX Info: Redefining \bigg on input line 723.
LaTeX Info: Redefining \Bigg on input line 724.
\big@size=\dimen188
LaTeX Font Info:    Redeclaring font encoding OML on input line 742.
LaTeX Font Info:    Redeclaring font encoding OMS on input line 743.
\macc@depth=\count303
LaTeX Info: Redefining \bmod on input line 904.
LaTeX Info: Redefining \pmod on input line 909.
LaTeX Info: Redefining \smash on input line 939.
LaTeX Info: Redefining \relbar on input line 969.
LaTeX Info: Redefining \Relbar on input line 970.
\c@MaxMatrixCols=\count304
\dotsspace@=\muskip17
\c@parentequation=\count305
\dspbrk@lvl=\count306
\tag@help=\toks26
\row@=\count307
\column@=\count308
\maxfields@=\count309
\andhelp@=\toks27
\eqnshift@=\dimen189
\alignsep@=\dimen190
\tagshift@=\dimen191
\tagwidth@=\dimen192
\totwidth@=\dimen193
\lineht@=\dimen194
\@envbody=\toks28
\multlinegap=\skip62
\multlinetaggap=\skip63
\mathdisplay@stack=\toks29
LaTeX Info: Redefining \[ on input line 2950.
LaTeX Info: Redefining \] on input line 2951.
) (C:\Users\kanus\AppData\Local\Programs\MiKTeX\tex/latex/datetime\datetime.sty
Package: datetime 2015/03/20 v2.60 Date Time Package
 (C:\Users\kanus\AppData\Local\Programs\MiKTeX\tex/latex/etoolbox\etoolbox.sty
Package: etoolbox 2025/10/02 v2.5m e-TeX tools for LaTeX (JAW)
\etb@tempcnta=\count310
) (C:\Users\kanus\AppData\Local\Programs\MiKTeX\tex/latex/fmtcount\fmtcount.sty
Package: fmtcount 2025/12/02 v3.12 Displaying the values of LaTeX counters (NT,VB,NE)
 (C:\Users\kanus\AppData\Local\Programs\MiKTeX\tex/latex/base\ifthen.sty
Package: ifthen 2024/03/16 v1.1e Standard LaTeX ifthen package (DPC)
) (C:\Users\kanus\AppData\Local\Programs\MiKTeX\tex/latex/xkeyval\xkeyval.sty
Package: xkeyval 2022/06/16 v2.9 package option processing (HA)
 (C:\Users\kanus\AppData\Local\Programs\MiKTeX\tex/generic/xkeyval\xkeyval.tex (C:\Users\kanus\AppData\Local\Programs\MiKTeX\tex/generic/xkeyval\xkvutils.tex
\XKV@toks=\toks30
\XKV@tempa@toks=\toks31
)
\XKV@depth=\count311
File: xkeyval.tex 2014/12/03 v2.7a key=value parser (HA)
)) (C:\Users\kanus\AppData\Local\Programs\MiKTeX\tex/latex/fmtcount\fcprefix.sty
Package: fcprefix 2012/09/28
 (C:\Users\kanus\AppData\Local\Programs\MiKTeX\tex/latex/fmtcount\fcnumparser.sty
Package: fcnumparser 2017/06/15
\fc@digit@counter=\count312
))
\c@padzeroesN=\count313
\fc@tmpcatcode=\count314
\@DT@modctr=\count315
\@ordinalctr=\count316
\@orgargctr=\count317
\@strctr=\count318
\@tmpstrctr=\count319
\@DT@loopN=\count320
\@DT@X=\count321
) (C:\Users\kanus\AppData\Local\Programs\MiKTeX\tex/latex/datetime\datetime-defaults.sty
Package: datetime-defaults 2013/09/10
)
\@day=\count322
\@month=\count323
\@year=\count324
\c@HOUR=\count325
\c@HOURXII=\count326
\c@MINUTE=\count327
\c@TOHOUR=\count328
\c@TOMINUTE=\count329
\c@SECOND=\count330
\currenthour=\count331
\currentminute=\count332
\currentsecond=\count333
Package datetime Info: No datetime.cfg file found, using default settings on input line 308.
\@dtctr=\count334
\dayofyear=\count335
\dayofweek=\count336
LaTeX Info: Redefining \today on input line 736.
\dt@a=\toks32
\dt@b=\toks33
) (C:\Users\kanus\AppData\Local\Programs\MiKTeX\tex/latex/natbib\natbib.sty
Package: natbib 2010/09/13 8.31b (PWD, AO)
\bibhang=\skip64
\bibsep=\skip65
LaTeX Info: Redefining \cite on input line 694.
\c@NAT@ctr=\count337
) (C:\Users\kanus\AppData\Local\Programs\MiKTeX\tex/latex/caption\subcaption.sty
Package: subcaption 2023/07/28 v1.6b Sub-captions (AR)
 (C:\Users\kanus\AppData\Local\Programs\MiKTeX\tex/latex/caption\caption.sty
Package: caption 2023/08/05 v3.6o Customizing captions (AR)
 (C:\Users\kanus\AppData\Local\Programs\MiKTeX\tex/latex/caption\caption3.sty
Package: caption3 2023/07/31 v2.4d caption3 kernel (AR)
\caption@tempdima=\dimen195
\captionmargin=\dimen196
\caption@leftmargin=\dimen197
\caption@rightmargin=\dimen198
\caption@width=\dimen199
\caption@indent=\dimen256
\caption@parindent=\dimen257
\caption@hangindent=\dimen258
Package caption Info: Standard document class detected.
)
\c@caption@flags=\count338
\c@continuedfloat=\count339
Package caption Info: float package is loaded.
Package caption Info: longtable package is loaded.
 (C:\Users\kanus\AppData\Local\Programs\MiKTeX\tex/latex/caption\ltcaption.sty
Package: ltcaption 2021/01/08 v1.4c longtable captions (AR)
))
Package caption Info: New subtype `subfigure' on input line 238.
\c@subfigure=\count340
Package caption Info: New subtype `subtable' on input line 238.
\c@subtable=\count341
) (C:\Users\kanus\AppData\Local\Programs\MiKTeX\tex/latex/hyperref\hyperref.sty
Package: hyperref 2025-07-12 v7.01o Hypertext links for LaTeX
 (C:\Users\kanus\AppData\Local\Programs\MiKTeX\tex/latex/kvsetkeys\kvsetkeys.sty
Package: kvsetkeys 2022-10-05 v1.19 Key value parser (HO)
) (C:\Users\kanus\AppData\Local\Programs\MiKTeX\tex/generic/kvdefinekeys\kvdefinekeys.sty
Package: kvdefinekeys 2019-12-19 v1.6 Define keys (HO)
) (C:\Users\kanus\AppData\Local\Programs\MiKTeX\tex/generic/pdfescape\pdfescape.sty
Package: pdfescape 2019/12/09 v1.15 Implements pdfTeX's escape features (HO)
 (C:\Users\kanus\AppData\Local\Programs\MiKTeX\tex/generic/ltxcmds\ltxcmds.sty
Package: ltxcmds 2023-12-04 v1.26 LaTeX kernel commands for general use (HO)
) (C:\Users\kanus\AppData\Local\Programs\MiKTeX\tex/generic/pdftexcmds\pdftexcmds.sty
Package: pdftexcmds 2020-06-27 v0.33 Utility functions of pdfTeX for LuaTeX (HO)
 (C:\Users\kanus\AppData\Local\Programs\MiKTeX\tex/generic/infwarerr\infwarerr.sty
Package: infwarerr 2019/12/03 v1.5 Providing info/warning/error messages (HO)
)
Package pdftexcmds Info: \pdf@primitive is available.
Package pdftexcmds Info: \pdf@ifprimitive is available.
Package pdftexcmds Info: \pdfdraftmode found.
)) (C:\Users\kanus\AppData\Local\Programs\MiKTeX\tex/latex/hycolor\hycolor.sty
Package: hycolor 2020-01-27 v1.10 Color options for hyperref/bookmark (HO)
) (C:\Users\kanus\AppData\Local\Programs\MiKTeX\tex/latex/hyperref\nameref.sty
Package: nameref 2025-06-21 v2.57 Cross-referencing by name of section
 (C:\Users\kanus\AppData\Local\Programs\MiKTeX\tex/latex/refcount\refcount.sty
Package: refcount 2019/12/15 v3.6 Data extraction from label references (HO)
) (C:\Users\kanus\AppData\Local\Programs\MiKTeX\tex/generic/gettitlestring\gettitlestring.sty
Package: gettitlestring 2019/12/15 v1.6 Cleanup title references (HO)
 (C:\Users\kanus\AppData\Local\Programs\MiKTeX\tex/latex/kvoptions\kvoptions.sty
Package: kvoptions 2022-06-15 v3.15 Key value format for package options (HO)
))
\c@section@level=\count342
) (C:\Users\kanus\AppData\Local\Programs\MiKTeX\tex/generic/stringenc\stringenc.sty
Package: stringenc 2019/11/29 v1.12 Convert strings between diff. encodings (HO)
)
\@linkdim=\dimen259
\Hy@linkcounter=\count343
\Hy@pagecounter=\count344
 (C:\Users\kanus\AppData\Local\Programs\MiKTeX\tex/latex/hyperref\pd1enc.def
File: pd1enc.def 2025-07-12 v7.01o Hyperref: PDFDocEncoding definition (HO)
Now handling font encoding PD1 ...
... no UTF-8 mapping file for font encoding PD1
) (C:\Users\kanus\AppData\Local\Programs\MiKTeX\tex/generic/intcalc\intcalc.sty
Package: intcalc 2019/12/15 v1.3 Expandable calculations with integers (HO)
)
\Hy@SavedSpaceFactor=\count345
 (C:\Users\kanus\AppData\Local\Programs\MiKTeX\tex/latex/hyperref\puenc.def
File: puenc.def 2025-07-12 v7.01o Hyperref: PDF Unicode definition (HO)
Now handling font encoding PU ...
... no UTF-8 mapping file for font encoding PU
)
Package hyperref Info: Hyper figures OFF on input line 4195.
Package hyperref Info: Link nesting OFF on input line 4200.
Package hyperref Info: Hyper index ON on input line 4203.
Package hyperref Info: Plain pages OFF on input line 4210.
Package hyperref Info: Backreferencing OFF on input line 4215.
Package hyperref Info: Implicit mode ON; LaTeX internals redefined.
Package hyperref Info: Bookmarks ON on input line 4462.
\c@Hy@tempcnt=\count346
 (C:\Users\kanus\AppData\Local\Programs\MiKTeX\tex/latex/url\url.sty
\Urlmuskip=\muskip18
Package: url 2013/09/16  ver 3.4  Verb mode for urls, etc.
)
LaTeX Info: Redefining \url on input line 4801.
\XeTeXLinkMargin=\dimen260
 (C:\Users\kanus\AppData\Local\Programs\MiKTeX\tex/generic/bitset\bitset.sty
Package: bitset 2019/12/09 v1.3 Handle bit-vector datatype (HO)
 (C:\Users\kanus\AppData\Local\Programs\MiKTeX\tex/generic/bigintcalc\bigintcalc.sty
Package: bigintcalc 2019/12/15 v1.5 Expandable calculations on big integers (HO)
))
\Fld@menulength=\count347
\Field@Width=\dimen261
\Fld@charsize=\dimen262
Package hyperref Info: Hyper figures OFF on input line 6078.
Package hyperref Info: Link nesting OFF on input line 6083.
Package hyperref Info: Hyper index ON on input line 6086.
Package hyperref Info: backreferencing OFF on input line 6093.
Package hyperref Info: Link coloring OFF on input line 6098.
Package hyperref Info: Link coloring with OCG OFF on input line 6103.
Package hyperref Info: PDF/A mode OFF on input line 6108.
\Hy@abspage=\count348
\c@Item=\count349
\c@Hfootnote=\count350
)
Package hyperref Info: Driver (autodetected): hpdftex.
 (C:\Users\kanus\AppData\Local\Programs\MiKTeX\tex/latex/hyperref\hpdftex.def
File: hpdftex.def 2025-07-12 v7.01o Hyperref driver for pdfTeX
\Fld@listcount=\count351
\c@bookmark@seq@number=\count352
 (C:\Users\kanus\AppData\Local\Programs\MiKTeX\tex/latex/rerunfilecheck\rerunfilecheck.sty
Package: rerunfilecheck 2025-06-21 v1.11 Rerun checks for auxiliary files (HO)
 (C:\Users\kanus\AppData\Local\Programs\MiKTeX\tex/generic/uniquecounter\uniquecounter.sty
Package: uniquecounter 2019/12/15 v1.4 Provide unlimited unique counter (HO)
)
Package uniquecounter Info: New unique counter `rerunfilecheck' on input line 284.
)
\Hy@SectionHShift=\skip66
) (C:\Users\kanus\AppData\Local\Programs\MiKTeX\tex/latex/glossaries/base\glossaries.sty
Package: glossaries 2026/04/21 v5.1 (NLCT)
 (C:\Users\kanus\AppData\Local\Programs\MiKTeX\tex/latex/mfirstuc\mfirstuc.sty
Package: mfirstuc 2025/04/03 v2.09 (NLCT)
\@glsmfirst=\toks34
\@glsmrest=\toks35
) (C:\Users\kanus\AppData\Local\Programs\MiKTeX\tex/latex/xfor\xfor.sty
Package: xfor 2009/02/05 v1.05 (NLCT)
) (C:\Users\kanus\AppData\Local\Programs\MiKTeX\tex/latex/datatool\datatool-base.sty
Package: datatool-base 2026/07/31 v3.4.4 (NLCT)
 (C:\Users\kanus\AppData\Local\Programs\MiKTeX\tex/latex/tracklang\tracklang.sty
Package: tracklang 2026/05/24 v1.6.8 (NLCT) Track Languages
 (C:\Users\kanus\AppData\Local\Programs\MiKTeX\tex/generic/tracklang\tracklang.tex))
\l__datatool_tmpa_int=\count353
\l__datatool_tmpb_int=\count354
\l__datatool_tmpc_int=\count355
\l__datatool_tmpd_int=\count356
\l__datatool_count_int=\count357
\l__datatool_tmp_datatype_int=\count358
\l__datatool_tmpa_dim=\dimen263
\l__datatool_tmpb_dim=\dimen264
 (C:\Users\kanus\AppData\Local\Programs\MiKTeX\tex/latex/datatool\datatool-l3fp.def
File: datatool-l3fp.def 2026/07/31 v3.4.4 (NLCT)
)
\@dtl@toks=\toks36
\@dtl@tmpcount=\count359
\dtl@tmplength=\skip67
\l__datatool_measure_box=\box65
\dtl@sortresult=\count360
 (C:\Users\kanus\AppData\Local\Programs\MiKTeX\tex/latex/datatool\datatool-utf8.ldf
File: datatool-utf8.ldf 2026/07/31 v3.4.4 (NLCT)
)
\@dtl@datatype=\count361
\c_datatool_unknown_int=\count362
\l__datatool_year_int=\count363
\l__datatool_month_int=\count364
\l__datatool_day_int=\count365
\l__datatool_hour_int=\count366
\l__datatool_minute_int=\count367
\l__datatool_second_int=\count368
\l__datatool_tzhour_int=\count369
\l__datatool_tzminute_int=\count370
\l__datatool_julian_int=\count371
\l__datatool_local_julian_int=\count372
\l__datatool_prefix_int=\count373
\l__datatool_suffix_int=\count374
\@dtl@foreach@level=\count375
\dtl@codeA=\count376
\dtl@codeB=\count377
)
\gls@level=\count378
\@gls@tmpb=\toks37
\gls@tmplen=\skip68
\l__glossaries_tmpa_dim=\dimen265
\l__glossaries_tmpb_dim=\dimen266
\glskeylisttok=\toks38
\glslabeltok=\toks39
\glsshorttok=\toks40
\glslongtok=\toks41
 (C:\Users\kanus\AppData\Local\Programs\MiKTeX\tex/latex/glossaries/styles\glossary-hypernav.sty
Package: glossary-hypernav 2026/04/21 v5.1 (NLCT)
) (C:\Users\kanus\AppData\Local\Programs\MiKTeX\tex/latex/glossaries/styles\glossary-list.sty
Package: glossary-list 2026/04/21 v5.1 (NLCT)
\glslistdottedwidth=\skip69
) (C:\Users\kanus\AppData\Local\Programs\MiKTeX\tex/latex/glossaries/styles\glossary-long.sty
Package: glossary-long 2026/04/21 v5.1 (NLCT)
\glsdescwidth=\skip70
\glspagelistwidth=\skip71
) (C:\Users\kanus\AppData\Local\Programs\MiKTeX\tex/latex/glossaries/styles\glossary-super.sty
Package: glossary-super 2026/04/21 v5.1 (NLCT)
 (C:\Users\kanus\AppData\Local\Programs\MiKTeX\tex/latex/supertabular\supertabular.sty
Package: supertabular 2025/06/26 v4.2d the supertabular environment
\c@tracingst=\count379
\ST@wd=\dimen267
\ST@rightskip=\skip72
\ST@leftskip=\skip73
\ST@parfillskip=\skip74
\ST@pageleft=\dimen268
\ST@headht=\dimen269
\ST@tailht=\dimen270
\ST@pagesofar=\dimen271
\ST@pboxht=\dimen272
\ST@rowht=\dimen273
\ST@prevht=\dimen274
\ST@toadd=\dimen275
\ST@dimen=\dimen276
\ST@pbox=\box66
)) (C:\Users\kanus\AppData\Local\Programs\MiKTeX\tex/latex/glossaries/styles\glossary-tree.sty
Package: glossary-tree 2026/04/21 v5.1 (NLCT)
\l__glossaries_tree_max_known_level_int=\count380
\l__glossaries_tree_offset_dim=\dimen277
\l__glossaries_tree_namewidth_dim=\dimen278
\l__glossaries_tree_symbolwidth_dim=\dimen279
\l__glossaries_tree_prenamesym_width_dim=\dimen280
\l__glossaries_tree_presubnamesym_width_dim=\dimen281
\l__glossaries_tree_namewidth_padding_dim=\dimen282
\l__glossaries_tree_symbolwidth_padding_dim=\dimen283
\l__glossaries_tree_namesymbolwidth_dim=\dimen284
\l__glossaries_tree_namesymbolwidth_padding_dim=\dimen285
\l__glossaries_tree_level_int=\count381
\glstreeindent=\skip75
))
\glswrite=\write3
\glo@main@file=\write4
\openout4 = `main.glo'.

Package glossaries Info: Writing glossary file main.glo on input line 45.
\glo@acronym@file=\write5
\openout5 = `main.acn'.

Package glossaries Info: Writing glossary file main.acn on input line 45.
LaTeX Font Info:    Trying to load font information for OT1+ptm on input line 87.
 (C:\Users\kanus\AppData\Local\Programs\MiKTeX\tex/latex/psnfss\ot1ptm.fd
File: ot1ptm.fd 2001/06/04 font definitions for OT1/ptm.
) (C:\Users\kanus\AppData\Local\Programs\MiKTeX\tex/latex/l3backend\l3backend-pdftex.def
File: l3backend-pdftex.def 2025-10-09 L3 backend support: PDF output (pdfTeX)
\l__color_backend_stack_int=\count382
) (main.aux)
\openout1 = `main.aux'.

LaTeX Font Info:    Checking defaults for OML/cmm/m/it on input line 87.
LaTeX Font Info:    ... okay on input line 87.
LaTeX Font Info:    Checking defaults for OMS/cmsy/m/n on input line 87.
LaTeX Font Info:    ... okay on input line 87.
LaTeX Font Info:    Checking defaults for OT1/cmr/m/n on input line 87.
LaTeX Font Info:    ... okay on input line 87.
LaTeX Font Info:    Checking defaults for T1/cmr/m/n on input line 87.
LaTeX Font Info:    ... okay on input line 87.
LaTeX Font Info:    Checking defaults for TS1/cmr/m/n on input line 87.
LaTeX Font Info:    ... okay on input line 87.
LaTeX Font Info:    Checking defaults for OMX/cmex/m/n on input line 87.
LaTeX Font Info:    ... okay on input line 87.
LaTeX Font Info:    Checking defaults for U/cmr/m/n on input line 87.
LaTeX Font Info:    ... okay on input line 87.
LaTeX Font Info:    Checking defaults for PD1/pdf/m/n on input line 87.
LaTeX Font Info:    ... okay on input line 87.
LaTeX Font Info:    Checking defaults for PU/pdf/m/n on input line 87.
LaTeX Font Info:    ... okay on input line 87.

*geometry* driver: auto-detecting
*geometry* detected driver: pdftex
*geometry* verbose mode - [ preamble ] result:
* driver: pdftex
* paper: a4paper
* layout: <same size as paper>
* layoutoffset:(h,v)=(0.0pt,0.0pt)
* modes: 
* h-part:(L,W,R)=(109.54327pt, 416.83272pt, 71.13188pt)
* v-part:(T,H,B)=(71.13188pt, 702.78308pt, 71.13188pt)
* \paperwidth=597.50787pt
* \paperheight=845.04684pt
* \textwidth=416.83272pt
* \textheight=702.78308pt
* \oddsidemargin=37.27328pt
* \evensidemargin=37.27328pt
* \topmargin=-38.1381pt
* \headheight=12.0pt
* \headsep=25.0pt
* \topskip=12.0pt
* \footskip=30.0pt
* \marginparwidth=35.0pt
* \marginparsep=10.0pt
* \columnsep=10.0pt
* \skip\footins=10.8pt plus 4.0pt minus 2.0pt
* \hoffset=0.0pt
* \voffset=0.0pt
* \mag=1000
* \@twocolumnfalse
* \@twosidefalse
* \@mparswitchfalse
* \@reversemarginfalse
* (1in=72.27pt=25.4mm, 1cm=28.453pt)

(C:\Users\kanus\AppData\Local\Programs\MiKTeX\tex/context/base/mkii\supp-pdf.mkii
[Loading MPS to PDF converter (version 2006.09.02).]
\scratchcounter=\count383
\scratchdimen=\dimen286
\scratchbox=\box67
\nofMPsegments=\count384
\nofMParguments=\count385
\everyMPshowfont=\toks42
\MPscratchCnt=\count386
\MPscratchDim=\dimen287
\MPnumerator=\count387
\makeMPintoPDFobject=\count388
\everyMPtoPDFconversion=\toks43
) (C:\Users\kanus\AppData\Local\Programs\MiKTeX\tex/latex/epstopdf-pkg\epstopdf-base.sty
Package: epstopdf-base 2020-01-24 v2.11 Base part for package epstopdf
Package epstopdf-base Info: Redefining graphics rule for `.eps' on input line 485.
 (C:\Users\kanus\AppData\Local\Programs\MiKTeX\tex/latex/00miktex\epstopdf-sys.cfg
File: epstopdf-sys.cfg 2021/03/18 v2.0 Configuration of epstopdf for MiKTeX
)) (C:\Users\kanus\AppData\Local\Programs\MiKTeX\tex/latex/fmtcount\fc-english.def
File: fc-english.def 2016/01/12
)
Package caption Info: Begin \AtBeginDocument code.
Package caption Info: hyperref package is loaded.
Package caption Info: supertabular package is loaded.
Package caption Info: End \AtBeginDocument code.
Package hyperref Info: Link coloring OFF on input line 87.
 (main.out) (main.out)
\@outlinefile=\write6
\openout6 = `main.out'.

 (main.glsdefs) (preliminary_pages/title_page.tex [1

\openout3 = `main.ist'.

{C:/Users/kanus/AppData/Local/MiKTeX/fonts/map/pdftex/pdftex.map}{C:/Users/kanus/AppData/Local/Programs/MiKTeX/fonts/enc/dvips/base/8r.enc}]) (preliminary_pages/declaration.tex
LaTeX Font Info:    Trying to load font information for OT1+ztmcm on input line 15.
 (C:\Users\kanus\AppData\Local\Programs\MiKTeX\tex/latex/psnfss\ot1ztmcm.fd
File: ot1ztmcm.fd 2000/01/03 Fontinst v1.801 font definitions for OT1/ztmcm.
)
LaTeX Font Info:    Trying to load font information for OML+ztmcm on input line 15.
 (C:\Users\kanus\AppData\Local\Programs\MiKTeX\tex/latex/psnfss\omlztmcm.fd
File: omlztmcm.fd 2000/01/03 Fontinst v1.801 font definitions for OML/ztmcm.
)
LaTeX Font Info:    Trying to load font information for OMS+ztmcm on input line 15.
 (C:\Users\kanus\AppData\Local\Programs\MiKTeX\tex/latex/psnfss\omsztmcm.fd
File: omsztmcm.fd 2000/01/03 Fontinst v1.801 font definitions for OMS/ztmcm.
)
LaTeX Font Info:    Trying to load font information for OMX+ztmcm on input line 15.
 (C:\Users\kanus\AppData\Local\Programs\MiKTeX\tex/latex/psnfss\omxztmcm.fd
File: omxztmcm.fd 2000/01/03 Fontinst v1.801 font definitions for OMX/ztmcm.
)
LaTeX Font Info:    Font shape `OT1/ptm/bx/n' in size <12> not available
(Font)              Font shape `OT1/ptm/b/n' tried instead on input line 15.
LaTeX Font Info:    Font shape `OT1/ptm/bx/n' in size <9> not available
(Font)              Font shape `OT1/ptm/b/n' tried instead on input line 15.
LaTeX Font Info:    Font shape `OT1/ptm/bx/n' in size <7> not available
(Font)              Font shape `OT1/ptm/b/n' tried instead on input line 15.
<figures/dinunew (1).jpg, id=278, 1340.75906pt x 628.59843pt>
File: figures/dinunew (1).jpg Graphic file (type jpg)
<use figures/dinunew (1).jpg>
Package pdftex.def Info: figures/dinunew (1).jpg  used on input line 16.
(pdftex.def)             Requested size: 70.02849pt x 32.82254pt.

Underfull \hbox (badness 10000) in paragraph at lines 15--21

 []

<figures/hiru.jpeg, id=279, 1252.68pt x 659.46375pt>
File: figures/hiru.jpeg Graphic file (type jpg)
<use figures/hiru.jpeg>
Package pdftex.def Info: figures/hiru.jpeg  used on input line 23.
(pdftex.def)             Requested size: 70.02849pt x 36.85927pt.

Underfull \hbox (badness 10000) in paragraph at lines 22--28

 []

<figures/kanu.jpeg, id=280, 1284.8pt x 904.37875pt>
File: figures/kanu.jpeg Graphic file (type jpg)
<use figures/kanu.jpeg>
Package pdftex.def Info: figures/kanu.jpeg  used on input line 30.
(pdftex.def)             Requested size: 70.02849pt x 49.2925pt.

Underfull \hbox (badness 10000) in paragraph at lines 44--46

 []


Underfull \hbox (badness 10000) in paragraph at lines 53--55

 []


pdfTeX warning (ext4): destination with the same identifier (name{page.i}) has been already used, duplicate ignored
<to be read again> 
                   \relax 
l.61 \noindent
               [1 <./figures/dinunew (1).jpg> <./figures/hiru.jpeg> <./figures/kanu.jpeg>]
Underfull \hbox (badness 10000) in paragraph at lines 64--66

 []

[2]) (preliminary_pages/acknowledgement.tex
Overfull \hbox (0.45157pt too wide) in paragraph at lines 2--3
\OT1/ptm/m/n/12 ver-sity, for their guid-ance, con-struc-tive crit-i-cism and con-tin-ued en-cour-age-ment through-
 []


Underfull \hbox (badness 10000) in paragraph at lines 2--3

 []


Underfull \hbox (badness 10000) in paragraph at lines 2--3

 []

[3


]) (main.toc [4


] [5] [6])
\tf@toc=\write7
\openout7 = `main.toc'.

 [7] (preliminary_pages/abstract.tex
Underfull \hbox (badness 10000) in paragraph at lines 9--10

 []

[8

]) (main.lof)
\tf@lof=\write8
\openout8 = `main.lof'.

 [9


] [10] (main.lot
Overfull \hbox (1.31552pt too wide) in paragraph at lines 13--13
 [][] [][]\OT1/ptm/m/n/12 Defect class and over-all de-tec-tion per-for-mance across suc-ces-sive dataset 
 []


Overfull \hbox (4.83202pt too wide) in paragraph at lines 14--14
 [][] [][]\OT1/ptm/m/n/12 Live dash-board class dis-tri-bu-tion be-fore and af-ter the imaging-conditions 
 []

[11

])
\tf@lot=\write9
\openout9 = `main.lot'.

 [12] (preliminary_pages/abbreviations.tex
\@gls@deffile=\write10
\openout10 = `main.glsdefs'.

 (main.acr
main.acr:106: ignored error: Infinite glue shrinkage found in box being split [13

])) [14] (sections/chapter1.tex [1

]
<figures/Tomato Intro .jpeg, id=554, 1927.2pt x 503.8825pt>
File: figures/Tomato Intro .jpeg Graphic file (type jpg)
<use figures/Tomato Intro .jpeg>
Package pdftex.def Info: figures/Tomato Intro .jpeg  used on input line 15.
(pdftex.def)             Requested size: 375.1469pt x 98.0837pt.
 [2 <./figures/Tomato Intro .jpeg>] [3] [4] [5]) (sections/chapter2.tex
LaTeX Font Info:    Trying to load font information for TS1+ptm on input line 20.
 (C:\Users\kanus\AppData\Local\Programs\MiKTeX\tex/latex/psnfss\ts1ptm.fd
File: ts1ptm.fd 2001/06/04 font definitions for TS1/ptm.
) [6

] [7] [8] [9] [10] [11]) (sections/chapter3.tex
<figures/overallmetho.png, id=731, 578.16pt x 995.97093pt>
File: figures/overallmetho.png Graphic file (type png)
<use figures/overallmetho.png>
Package pdftex.def Info: figures/overallmetho.png  used on input line 18.
(pdftex.def)             Requested size: 208.41635pt x 359.02037pt.
 [12

]
Underfull \hbox (badness 10000) in paragraph at lines 47--47
[]|\OT1/ptm/m/n/12 Padma tomato
 []


Underfull \hbox (badness 7256) in paragraph at lines 47--47
[]|\OT1/ptm/m/n/12 Image dataset,
 []


Underfull \hbox (badness 10000) in paragraph at lines 47--47
[]|\OT1/ptm/m/n/12 Publicly sourced
 []


Underfull \hbox (badness 10000) in paragraph at lines 47--47
[]|\OT1/ptm/m/n/12 Removed dur-
 []


Underfull \hbox (badness 10000) in paragraph at lines 47--47
\OT1/ptm/m/n/12 ing qual-ity
 []


Underfull \hbox (badness 10000) in paragraph at lines 47--47
\OT1/ptm/m/n/12 con-trol (Sec-
 []

[13 <./figures/overallmetho.png>] [14]
Overfull \hbox (0.40256pt too wide) in paragraph at lines 121--122
\OT1/ptm/m/n/12 The real-time de-ploy-ment setup uti-lizes a dif-fer-ent cam-era con-fig-u-ra-tion than the dataset
 []

[15]
<figures/lightbox.png, id=779, 3583.3875pt x 1793.70125pt>
File: figures/lightbox.png Graphic file (type png)
<use figures/lightbox.png>
Package pdftex.def Info: figures/lightbox.png  used on input line 125.
(pdftex.def)             Requested size: 375.1469pt x 187.78311pt.
 [16 <./figures/lightbox.png>]
<figures/bounding.jpeg, id=792, 1920.17375pt x 497.86pt>
File: figures/bounding.jpeg Graphic file (type jpg)
<use figures/bounding.jpeg>
Package pdftex.def Info: figures/bounding.jpeg  used on input line 178.
(pdftex.def)             Requested size: 375.1469pt x 97.26082pt.
 [17 <./figures/bounding.jpeg>]
Overfull \hbox (28.05112pt too wide) in paragraph at lines 194--209
 [][] 
 []


Underfull \hbox (badness 2080) in paragraph at lines 228--228
[]|\OT1/ptm/m/n/12 Onset of ripen-ing
 []


Underfull \hbox (badness 10000) in paragraph at lines 228--228
[]|\OT1/ptm/m/n/12 Mid ripen-ing
 []


Underfull \hbox (badness 10000) in paragraph at lines 228--228
[]|\OT1/ptm/m/n/12 30--80% of the sur-face red, mixed
 []

[18]
<figures/Annotate.jpeg, id=813, 1371.1225pt x 608.2725pt>
File: figures/Annotate.jpeg Graphic file (type jpg)
<use figures/Annotate.jpeg>
Package pdftex.def Info: figures/Annotate.jpeg  used on input line 240.
(pdftex.def)             Requested size: 375.1469pt x 166.4262pt.
 [19 <./figures/Annotate.jpeg>] [20]
Underfull \hbox (badness 7186) in paragraph at lines 285--285
[]|\OT1/ptm/m/n/12 Monitoring gen-er-al-i-sa-tion, early stop-ping,
 []

[21] [22]
Underfull \hbox (badness 5077) in paragraph at lines 317--317
[]|\OT1/ptm/m/n/12 Maximum epochs and early
 []

[23]
Overfull \hbox (12.23405pt too wide) in paragraph at lines 331--332
[]\OT1/ptm/m/n/12 System-level met-rics such as to-tal fruits pro-cessed, class dis-tri-bu-tion, de-fect ra-tio, through-
 []

[24]
<figures/real time.png, id=878, 1445.4pt x 813.0375pt>
File: figures/real time.png Graphic file (type png)
<use figures/real time.png>
Package pdftex.def Info: figures/real time.png  used on input line 353.
(pdftex.def)             Requested size: 375.1469pt x 211.01259pt.
 [25 <./figures/real time.png (PNG copy)>]
<figures/CAD.png, id=887, 1445.4pt x 813.0375pt>
File: figures/CAD.png Graphic file (type png)
<use figures/CAD.png>
Package pdftex.def Info: figures/CAD.png  used on input line 371.
(pdftex.def)             Requested size: 375.1469pt x 211.01259pt.
 [26 <./figures/CAD.png (PNG copy)>]
<figures/Dashboard.png, id=892, 1400.23125pt x 653.44125pt>
File: figures/Dashboard.png Graphic file (type png)
<use figures/Dashboard.png>
Package pdftex.def Info: figures/Dashboard.png  used on input line 385.
(pdftex.def)             Requested size: 375.1469pt x 175.0655pt.
 [27 <./figures/Dashboard.png>] [28]
<figures/Untitled design (2).png, id=906, 1445.4pt x 813.0375pt>
File: figures/Untitled design (2).png Graphic file (type png)
<use figures/Untitled design (2).png>
Package pdftex.def Info: figures/Untitled design (2).png  used on input line 413.
(pdftex.def)             Requested size: 375.1469pt x 211.01259pt.
 [29 <./figures/Untitled design (2).png (PNG copy)>] [30]
Underfull \hbox (badness 1635) in paragraph at lines 457--457
\OT1/ptm/m/n/12 tion and clas-si-fi-ca-tion
 []


Underfull \hbox (badness 10000) in paragraph at lines 457--457
[]|\OT1/ptm/m/n/12 777 un-seen la-
 []


Underfull \hbox (badness 2799) in paragraph at lines 457--457
[]|\OT1/ptm/m/n/12 High pre-ci-sion, re-call and
 []


Underfull \hbox (badness 10000) in paragraph at lines 457--457
\OT1/ptm/m/n/12 mean av-er-age pre-ci-sion
 []


Underfull \hbox (badness 7273) in paragraph at lines 457--457
[]|\OT1/ptm/m/n/12 Architecture com-par-i-
 []


Underfull \hbox (badness 2334) in paragraph at lines 457--457
[]|\OT1/ptm/m/n/12 Live clas-si-fi-ca-tion in-
 []


Underfull \hbox (badness 4673) in paragraph at lines 457--457
[]|\OT1/ptm/m/n/12 Correct class re-ported for
 []


Underfull \hbox (badness 5203) in paragraph at lines 457--457
[]|\OT1/ptm/m/n/12 Frame con-tain-ing
 []


Underfull \hbox (badness 4940) in paragraph at lines 457--457
[]|\OT1/ptm/m/n/12 Single gate ac-tu-a-tion
 []


Underfull \hbox (badness 10000) in paragraph at lines 457--457
[]|\OT1/ptm/m/n/12 Direct com-mand
 []


Underfull \hbox (badness 1502) in paragraph at lines 457--457
\OT1/ptm/m/n/12 to one gate, belt
 []


Underfull \hbox (badness 2600) in paragraph at lines 457--457
[]|\OT1/ptm/m/n/12 Corresponding servo opens
 []


Underfull \hbox (badness 2181) in paragraph at lines 457--457
[]|\OT1/ptm/m/n/12 Known-class fruit
 []


Underfull \hbox (badness 1275) in paragraph at lines 457--457
[]|\OT1/ptm/m/n/12 Fruit phys-i-cally di-verted at
 []


Underfull \hbox (badness 10000) in paragraph at lines 457--457
[]|\OT1/ptm/m/n/12 Sequenced class
 []


Underfull \hbox (badness 10000) in paragraph at lines 457--457
\OT1/ptm/m/n/12 com-mands over
 []


Underfull \hbox (badness 10000) in paragraph at lines 457--457
\OT1/ptm/m/n/12 once de-spite in-ter-mit-tent
 []

[31] [32]) (sections/chapter4.tex
<figures/results.png, id=935, 867.24pt x 433.62pt>
File: figures/results.png Graphic file (type png)
<use figures/results.png>
Package pdftex.def Info: figures/results.png  used on input line 41.
(pdftex.def)             Requested size: 416.83272pt x 208.41974pt.
 [33

]
<figures/BoxP_curve.png, id=940, 650.43pt x 433.62pt>
File: figures/BoxP_curve.png Graphic file (type png)
<use figures/BoxP_curve.png>
Package pdftex.def Info: figures/BoxP_curve.png  used on input line 48.
(pdftex.def)             Requested size: 200.07791pt x 133.38202pt.
<figures/BoxR_curve.png, id=941, 650.43pt x 433.62pt>
File: figures/BoxR_curve.png Graphic file (type png)
<use figures/BoxR_curve.png>
Package pdftex.def Info: figures/BoxR_curve.png  used on input line 50.
(pdftex.def)             Requested size: 200.07791pt x 133.38202pt.
<figures/BoxF1_curve.png, id=942, 650.43pt x 433.62pt>
File: figures/BoxF1_curve.png Graphic file (type png)
<use figures/BoxF1_curve.png>
Package pdftex.def Info: figures/BoxF1_curve.png  used on input line 52.
(pdftex.def)             Requested size: 200.07791pt x 133.38202pt.
<figures/BoxPR_curve.png, id=943, 650.43pt x 433.62pt>
File: figures/BoxPR_curve.png Graphic file (type png)
<use figures/BoxPR_curve.png>
Package pdftex.def Info: figures/BoxPR_curve.png  used on input line 54.
(pdftex.def)             Requested size: 200.07791pt x 133.38202pt.
 [34 <./figures/results.png> <./figures/BoxP_curve.png> <./figures/BoxR_curve.png> <./figures/BoxF1_curve.png> <./figures/BoxPR_curve.png>]
Underfull \hbox (badness 10000) in paragraph at lines 80--80
\OT1/ptm/m/n/12 sourced de-fect im-ages,
 []


Underfull \hbox (badness 10000) in paragraph at lines 80--80
\OT1/ptm/m/n/12 mixed poly-gon/box an-
 []


Underfull \hbox (badness 10000) in paragraph at lines 80--80
\OT1/ptm/m/n/12 no-ta-tion, un-con-trolled
 []


Overfull \hbox (9.2724pt too wide) in paragraph at lines 80--80
[]|\OT1/ptm/m/n/12 tomato[]5class[]local| 
 []


Underfull \hbox (badness 10000) in paragraph at lines 80--80
[]|\OT1/ptm/m/n/12 After the imaging-
 []


Underfull \hbox (badness 10000) in paragraph at lines 80--80
\OT1/ptm/m/n/12 conditions fix (2026-
 []


Underfull \hbox (badness 2617) in paragraph at lines 80--80
\OT1/ptm/m/n/12 07-29), cur-rent de-ployed
 []


Overfull \hbox (44.91238pt too wide) in paragraph at lines 80--80
[]|\OT1/ptm/m/n/12 tomato[]5class[]v6[]balanced| 
 []


Overfull \hbox (22.89519pt too wide) in alignment at lines 80--80
[][][][] 
 []

[35] [36]
<figures/Green.jpg, id=974, 1084.05pt x 1084.05pt>
File: figures/Green.jpg Graphic file (type jpg)
<use figures/Green.jpg>
Package pdftex.def Info: figures/Green.jpg  used on input line 120.
(pdftex.def)             Requested size: 79.19923pt x 79.18295pt.
<figures/Breaker.jpg, id=975, 1084.05pt x 1084.05pt>
File: figures/Breaker.jpg Graphic file (type jpg)
<use figures/Breaker.jpg>
Package pdftex.def Info: figures/Breaker.jpg  used on input line 121.
(pdftex.def)             Requested size: 79.19923pt x 79.18295pt.
<figures/Truning.jpg, id=976, 1084.05pt x 1084.05pt>
File: figures/Truning.jpg Graphic file (type jpg)
<use figures/Truning.jpg>
Package pdftex.def Info: figures/Truning.jpg  used on input line 122.
(pdftex.def)             Requested size: 79.19923pt x 79.18295pt.
<figures/Red.jpg, id=977, 1084.05pt x 1084.05pt>
File: figures/Red.jpg Graphic file (type jpg)
<use figures/Red.jpg>
Package pdftex.def Info: figures/Red.jpg  used on input line 123.
(pdftex.def)             Requested size: 79.19923pt x 79.18295pt.
<figures/Defect.jpg, id=978, 1084.05pt x 1084.05pt>
File: figures/Defect.jpg Graphic file (type jpg)
<use figures/Defect.jpg>
Package pdftex.def Info: figures/Defect.jpg  used on input line 124.
(pdftex.def)             Requested size: 79.19923pt x 79.18295pt.

Underfull \hbox (badness 10000) in paragraph at lines 143--143
[]|\OT1/ptm/m/n/12 Queued to the
 []


Underfull \hbox (badness 6876) in paragraph at lines 143--143
\OT1/ptm/m/n/12 breaker gate; di-
 []

[37 <./figures/Green.jpg> <./figures/Breaker.jpg> <./figures/Truning.jpg> <./figures/Red.jpg> <./figures/Defect.jpg>]
<figures/Consoe log.png, id=985, 526.21594pt x 146.04562pt>
File: figures/Consoe log.png Graphic file (type png)
<use figures/Consoe log.png>
Package pdftex.def Info: figures/Consoe log.png  used on input line 152.
(pdftex.def)             Requested size: 395.9898pt x 109.90831pt.
 [38 <./figures/Consoe log.png>] [39]
Overfull \hbox (3.13988pt too wide) in paragraph at lines 193--194
[]\OT1/ptm/m/n/12 These du-ra-tions were com-pared against the pub-lished Padma stage du-ra-tions of []Abekoon
 []

[40] [41] [42] [43]) (sections/chapter5.tex [44

] [45] [46] [47]) (main.bbl [48

] [49] [50]) [51] (sections/appendix.tex
Overfull \hbox (12.08961pt too wide) in paragraph at lines 35--36
[]\OT1/ptm/m/n/12 Fruit was sourced from a sin-gle com-mer-cial col-lect-ing cen-tre (Ban-darawela, Badulla
 []

[52] [53] [54] [55] [56] [57] [58]
<figures/wiring diagram.jpeg, id=1201, 1229.59375pt x 1284.8pt>
File: figures/wiring diagram.jpeg Graphic file (type jpg)
<use figures/wiring diagram.jpeg>
Package pdftex.def Info: figures/wiring diagram.jpeg  used on input line 193.
(pdftex.def)             Requested size: 395.9898pt x 413.7714pt.
 [59] [60 <./figures/wiring diagram.jpeg>] [61] [62]) (main.aux)
 ***********
LaTeX2e <2025-11-01>
L3 programming layer <2025-12-24>
 ***********
Package rerunfilecheck Info: File `main.out' has not changed.
(rerunfilecheck)             Checksum: 01A7BFC8A9BE5946930DA8C8F886702D;12587.
 ) 
Here is how much of TeX's memory you used:
 21822 strings out of 467871
 408730 string characters out of 5418376
 877180 words of memory out of 5000000
 50105 multiletter control sequences out of 15000+600000
 655150 words of font info for 89 fonts, out of 8000000 for 9000
 1141 hyphenation exceptions out of 8191
 83i,12n,131p,2637b,799s stack positions out of 10000i,1000n,20000p,200000b,200000s
<C:/Users/kanus/AppData/Local/Programs/MiKTeX/fonts/type1/public/amsfonts/cm/cmmi10.pfb><C:/Users/kanus/AppData/Local/Programs/MiKTeX/fonts/type1/public/amsfonts/cm/cmr10.pfb><C:/Users/kanus/AppData/Local/Programs/MiKTeX/fonts/type1/public/amsfonts/cm/cmsy10.pfb><C:/Users/kanus/AppData/Local/Programs/MiKTeX/fonts/type1/public/amsfonts/cm/cmtt12.pfb><C:/Users/kanus/AppData/Local/Programs/MiKTeX/fonts/type1/urw/times/utmb8a.pfb><C:/Users/kanus/AppData/Local/Programs/MiKTeX/fonts/type1/urw/times/utmbi8a.pfb><C:/Users/kanus/AppData/Local/Programs/MiKTeX/fonts/type1/urw/times/utmr8a.pfb><C:/Users/kanus/AppData/Local/Programs/MiKTeX/fonts/type1/urw/times/utmri8a.pfb>
Output written on main.pdf (77 pages, 9746902 bytes).
PDF statistics:
 1317 PDF objects out of 1440 (max. 8388607)
 280 named destinations out of 1000 (max. 500000)
 673 words of extra memory for PDF output out of 10000 (max. 10000000)

